[Fri Jul  3 16:13:12 2026] running mktexlsr
[Fri Jul  3 16:13:12 2026] success, output:
mktexlsr: /Users/bytedance/Library/TinyTeX/texmf-config: directory not writable. Skipping...
mktexlsr: /Users/bytedance/Library/TinyTeX/texmf-dist: directory not writable. Skipping...
mktexlsr: /Users/bytedance/Library/TinyTeX/texmf-local: directory not writable. Skipping...
--end of output of mktexlsr.

[Fri Jul  3 16:13:12 2026] running updmap-user
[Fri Jul  3 16:13:13 2026] error, status: 1, output:
updmap [ERROR]: -user mode but path setup is -sys type, bailing out.
--end of output of updmap-user.

[Fri Jul  3 16:14:23 2026] running mktexlsr
[Fri Jul  3 16:14:23 2026] success, output:
mktexlsr: /Users/bytedance/Library/TinyTeX/texmf-config: directory not writable. Skipping...
mktexlsr: /Users/bytedance/Library/TinyTeX/texmf-dist: directory not writable. Skipping...
mktexlsr: /Users/bytedance/Library/TinyTeX/texmf-local: directory not writable. Skipping...
--end of output of mktexlsr.

[Fri Jul  3 16:15:11 2026] running mktexlsr
[Fri Jul  3 16:15:11 2026] success, output:
mktexlsr: /Users/bytedance/Library/TinyTeX/texmf-config: directory not writable. Skipping...
mktexlsr: /Users/bytedance/Library/TinyTeX/texmf-dist: directory not writable. Skipping...
mktexlsr: /Users/bytedance/Library/TinyTeX/texmf-local: directory not writable. Skipping...
--end of output of mktexlsr.

[Fri Jul  3 16:15:47 2026] running mktexlsr
[Fri Jul  3 16:15:47 2026] success, output:
mktexlsr: /Users/bytedance/Library/TinyTeX/texmf-config: directory not writable. Skipping...
mktexlsr: /Users/bytedance/Library/TinyTeX/texmf-dist: directory not writable. Skipping...
mktexlsr: /Users/bytedance/Library/TinyTeX/texmf-local: directory not writable. Skipping...
--end of output of mktexlsr.

[Fri Jul  3 16:15:47 2026] running updmap-user
[Fri Jul  3 16:15:47 2026] error, status: 1, output:
updmap [ERROR]: -user mode but path setup is -sys type, bailing out.
--end of output of updmap-user.

[Fri Jul  3 16:17:56 2026] running mktexlsr
[Fri Jul  3 16:17:56 2026] success, output:
mktexlsr: /Users/bytedance/Library/TinyTeX/texmf-config: directory not writable. Skipping...
mktexlsr: /Users/bytedance/Library/TinyTeX/texmf-dist: directory not writable. Skipping...
mktexlsr: /Users/bytedance/Library/TinyTeX/texmf-local: directory not writable. Skipping...
--end of output of mktexlsr.

[Fri Jul  3 16:17:57 2026] running updmap-user
[Fri Jul  3 16:17:57 2026] error, status: 1, output:
updmap [ERROR]: -user mode but path setup is -sys type, bailing out.
--end of output of updmap-user.

[Fri Jul  3 16:20:46 2026] running mktexlsr
[Fri Jul  3 16:20:46 2026] success, output:
mktexlsr: /Users/bytedance/Library/TinyTeX/texmf-config: directory not writable. Skipping...
mktexlsr: /Users/bytedance/Library/TinyTeX/texmf-dist: directory not writable. Skipping...
mktexlsr: /Users/bytedance/Library/TinyTeX/texmf-local: directory not writable. Skipping...
--end of output of mktexlsr.

[Fri Jul  3 16:21:35 2026] running mktexlsr
[Fri Jul  3 16:21:35 2026] success, output:
mktexlsr: /Users/bytedance/Library/TinyTeX/texmf-config: directory not writable. Skipping...
mktexlsr: /Users/bytedance/Library/TinyTeX/texmf-dist: directory not writable. Skipping...
mktexlsr: /Users/bytedance/Library/TinyTeX/texmf-local: directory not writable. Skipping...
--end of output of mktexlsr.

[Fri Jul  3 16:22:17 2026] running mktexlsr
[Fri Jul  3 16:22:17 2026] success, output:
mktexlsr: /Users/bytedance/Library/TinyTeX/texmf-config: directory not writable. Skipping...
mktexlsr: /Users/bytedance/Library/TinyTeX/texmf-dist: directory not writable. Skipping...
mktexlsr: /Users/bytedance/Library/TinyTeX/texmf-local: directory not writable. Skipping...
--end of output of mktexlsr.

[Fri Jul  3 16:22:17 2026] running updmap-user
[Fri Jul  3 16:22:17 2026] error, status: 1, output:
updmap [ERROR]: -user mode but path setup is -sys type, bailing out.
--end of output of updmap-user.

