[Fri Jul  3 16:13:08 2026] install: acmart
[Fri Jul  3 16:13:08 2026] install: caption
[Fri Jul  3 16:13:08 2026] install: comment
[Fri Jul  3 16:13:08 2026] install: environ
[Fri Jul  3 16:13:10 2026] install: libertine
[Fri Jul  3 16:13:11 2026] install: libertinus-fonts
[Fri Jul  3 16:13:11 2026] install: ncctools
[Fri Jul  3 16:13:11 2026] install: setspace
[Fri Jul  3 16:13:12 2026] install: totpages
[Fri Jul  3 16:13:12 2026] install: trimspaces
[Fri Jul  3 16:13:12 2026] command: mktexlsr
[Fri Jul  3 16:13:12 2026] command: updmap-user
[Fri Jul  3 16:14:23 2026] install: draftwatermark
[Fri Jul  3 16:14:23 2026] install: ifmtarg
[Fri Jul  3 16:14:23 2026] install: preprint
[Fri Jul  3 16:14:23 2026] install: xkeyval
[Fri Jul  3 16:14:23 2026] install: xstring
[Fri Jul  3 16:14:23 2026] command: mktexlsr
[Fri Jul  3 16:15:10 2026] install: booktabs
[Fri Jul  3 16:15:10 2026] install: cmap
[Fri Jul  3 16:15:10 2026] install: etoolbox
[Fri Jul  3 16:15:10 2026] install: fancyhdr
[Fri Jul  3 16:15:10 2026] install: float
[Fri Jul  3 16:15:10 2026] install: geometry
[Fri Jul  3 16:15:10 2026] install: hyperref
[Fri Jul  3 16:15:11 2026] install: mathtools
[Fri Jul  3 16:15:11 2026] install: microtype
[Fri Jul  3 16:15:11 2026] install: oberdiek
[Fri Jul  3 16:15:11 2026] install: refcount
[Fri Jul  3 16:15:11 2026] command: mktexlsr
[Fri Jul  3 16:15:42 2026] install: bigintcalc
[Fri Jul  3 16:15:42 2026] install: bitset
[Fri Jul  3 16:15:43 2026] install: etexcmds
[Fri Jul  3 16:15:43 2026] install: everyshi
[Fri Jul  3 16:15:43 2026] install: fontaxes
[Fri Jul  3 16:15:43 2026] install: gettitlestring
[Fri Jul  3 16:15:43 2026] install: infwarerr
[Fri Jul  3 16:15:43 2026] install: intcalc
[Fri Jul  3 16:15:43 2026] install: kvdefinekeys
[Fri Jul  3 16:15:43 2026] install: kvoptions
[Fri Jul  3 16:15:43 2026] install: kvsetkeys
[Fri Jul  3 16:15:44 2026] install: l3backend
[Fri Jul  3 16:15:44 2026] install: l3kernel
[Fri Jul  3 16:15:44 2026] install: l3packages
[Fri Jul  3 16:15:44 2026] install: latexbug
[Fri Jul  3 16:15:44 2026] install: ltxcmds
[Fri Jul  3 16:15:44 2026] install: mweights
[Fri Jul  3 16:15:45 2026] install: newtx
[Fri Jul  3 16:15:46 2026] install: pdfescape
[Fri Jul  3 16:15:46 2026] install: pdftexcmds
[Fri Jul  3 16:15:46 2026] install: rerunfilecheck
[Fri Jul  3 16:15:46 2026] install: txfonts
[Fri Jul  3 16:15:47 2026] install: uniquecounter
[Fri Jul  3 16:15:47 2026] install: xcolor
[Fri Jul  3 16:15:47 2026] install: zref
[Fri Jul  3 16:15:47 2026] command: mktexlsr
[Fri Jul  3 16:15:47 2026] command: updmap-user
[Fri Jul  3 16:17:55 2026] install: libertinus-type1
[Fri Jul  3 16:17:56 2026] install: seqsplit
[Fri Jul  3 16:17:56 2026] command: mktexlsr
[Fri Jul  3 16:17:57 2026] command: updmap-user
[Fri Jul  3 16:20:45 2026] install: ifplatform
[Fri Jul  3 16:20:46 2026] install: soul
[Fri Jul  3 16:20:46 2026] install: xifthen
[Fri Jul  3 16:20:46 2026] command: mktexlsr
[Fri Jul  3 16:21:35 2026] install: kastrup
[Fri Jul  3 16:21:35 2026] command: mktexlsr
[Fri Jul  3 16:22:15 2026] install: amsfonts
[Fri Jul  3 16:22:16 2026] install: amsmath
[Fri Jul  3 16:22:16 2026] install: enumitem
[Fri Jul  3 16:22:16 2026] install: graphics
[Fri Jul  3 16:22:17 2026] install: tools
[Fri Jul  3 16:22:17 2026] install: upquote
[Fri Jul  3 16:22:17 2026] command: mktexlsr
[Fri Jul  3 16:22:17 2026] command: updmap-user
