updmap version r78104 (2026-02-24 17:08:16 +0100)
Fri Jul  3 16:38:08 2026

Using the following config files:
  /Users/bytedance/paper/texmf/web2c/updmap.cfg
  /Users/bytedance/Library/TinyTeX/texmf-dist/web2c/updmap.cfg

updmap is creating new map files
using the following configuration:
  LW35 font names                  : URWkb (/Users/bytedance/Library/TinyTeX/texmf-dist/web2c/updmap.cfg)
  prefer outlines                  : true (/Users/bytedance/Library/TinyTeX/texmf-dist/web2c/updmap.cfg)
  texhash enabled                  : true
  download standard fonts (dvips)  : true (/Users/bytedance/Library/TinyTeX/texmf-dist/web2c/updmap.cfg)
  download standard fonts (pdftex) : true (/Users/bytedance/Library/TinyTeX/texmf-dist/web2c/updmap.cfg)
  jaEmbed replacement string       : haranoaji (/Users/bytedance/Library/TinyTeX/texmf-dist/web2c/updmap.cfg)
  jaVariant replacement string     : -04 (/Users/bytedance/Library/TinyTeX/texmf-dist/web2c/updmap.cfg)
  scEmbed replacement string       : arphic (/Users/bytedance/Library/TinyTeX/texmf-dist/web2c/updmap.cfg)
  tcEmbed replacement string       : arphic (/Users/bytedance/Library/TinyTeX/texmf-dist/web2c/updmap.cfg)
  koEmbed replacement string       : baekmuk (/Users/bytedance/Library/TinyTeX/texmf-dist/web2c/updmap.cfg)
  create a mapfile for pxdvi       : false (default)

Scanning for LW35 support files

/Users/bytedance/Library/TinyTeX/texmf-dist/fonts/map/dvips/tetex/dvips35.map
/Users/bytedance/Library/TinyTeX/texmf-dist/fonts/map/dvips/tetex/pdftex35.map
/Users/bytedance/Library/TinyTeX/texmf-dist/fonts/map/dvips/tetex/ps2pk35.map

  [  3 files]

Scanning for MixedMap entries
/Users/bytedance/paper/texmf/fonts/map/dvips/amsfonts/cm.map
/Users/bytedance/paper/texmf/fonts/map/dvips/amsfonts/cmextra.map
/Users/bytedance/Library/TinyTeX/texmf-dist/fonts/map/dvips/cm/cmtext-bsr-interpolated.map
/Users/bytedance/paper/texmf/fonts/map/dvips/amsfonts/cyrillic.map
/Users/bytedance/paper/texmf/fonts/map/dvips/amsfonts/latxfont.map
/Users/bytedance/paper/texmf/fonts/map/dvips/amsfonts/symbols.map
/Users/bytedance/Library/TinyTeX/texmf-dist/fonts/map/dvips/tipa/tipa.map

    [  7 files]

Scanning for KanjiMap entries

    [  0 files]

Scanning for Map entries
/Users/bytedance/Library/TinyTeX/texmf-dist/fonts/map/dvips/psnfss/charter.map
/Users/bytedance/Library/TinyTeX/texmf-dist/fonts/map/dvips/dummy-space/dummy-space.map
/Users/bytedance/paper/texmf/fonts/map/dvips/amsfonts/euler.map
/Users/bytedance/Library/TinyTeX/texmf-dist/fonts/map/dvips/psnfss/fpls.map
/Users/bytedance/paper/texmf/fonts/map/dvips/libertine/libertine.map
/Users/bytedance/paper/texmf/fonts/map/dvips/libertinus-type1/libertinus.map
/Users/bytedance/Library/TinyTeX/texmf-dist/fonts/map/dvips/lm/lm.map
/Users/bytedance/Library/TinyTeX/texmf-dist/fonts/map/dvips/tetex/mathpple.map
/Users/bytedance/paper/texmf/fonts/map/dvips/newtx/newtx.map
/Users/bytedance/Library/TinyTeX/texmf-dist/fonts/map/dvips/psnfss/pazo.map
/Users/bytedance/paper/texmf/fonts/map/dvips/txfonts/txfonts.map
/Users/bytedance/Library/TinyTeX/texmf-dist/fonts/map/dvips/helvetic/uhv.map
/Users/bytedance/Library/TinyTeX/texmf-dist/fonts/map/dvips/symbol/usy.map
/Users/bytedance/Library/TinyTeX/texmf-dist/fonts/map/dvips/times/utm.map
/Users/bytedance/Library/TinyTeX/texmf-dist/fonts/map/dvips/psnfss/utopia.map
/Users/bytedance/Library/TinyTeX/texmf-dist/fonts/map/dvips/zapfding/uzd.map
/Users/bytedance/Library/TinyTeX/texmf-dist/fonts/map/dvips/inconsolata/zi4.map

         [ 17 files]



/Users/bytedance/Library/TinyTeX/texmf-dist/fonts/map/dvips/tetex/ps2pk35.map:
cob
cobo
com
coo
hv
hvb
hvbo
hvo
pagd8g
pagd8r
pagd8y
pagd8z
pagdo8g
pagdo8r
pagdo8y
pagdo8z
pagk8g
pagk8r
pagk8y
pagk8z
pagko8g
pagko8r
pagko8y
pagko8z
pbkd8g
pbkd8r
pbkd8y
pbkd8z
pbkdi8g
pbkdi8r
pbkdi8y
pbkdi8z
pbkdo8r
pbkdo8y
pbkl8g
pbkl8r
pbkl8y
pbkl8z
pbkli8g
pbkli8r
pbkli8y
pbkli8z
pbklo8r
pbklo8y
pcrb8g
pcrb8r
pcrb8u
pcrb8y
pcrbo8g
pcrbo8r
pcrbo8u
pcrbo8y
pcrr8g
pcrr8r
pcrr8rn
pcrr8u
pcrr8y
pcrro8g
pcrro8r
pcrro8u
pcrro8y
phvb8g
phvb8r
phvb8rn
phvb8y
phvb8yn
phvb8z
phvbn8g
phvbn8z
phvbo8g
phvbo8r
phvbo8rn
phvbo8y
phvbo8yn
phvbo8z
phvbon8g
phvbon8z
phvr8g
phvr8r
phvr8rn
phvr8y
phvr8yn
phvr8z
phvrn8g
phvrn8z
phvro8g
phvro8r
phvro8rn
phvro8y
phvro8yn
phvro8z
phvron8g
phvron8z
pncb8g
pncb8r
pncb8y
pncb8z
pncbi8g
pncbi8r
pncbi8y
pncbi8z
pncbo8r
pncbo8y
pncr8g
pncr8r
pncr8y
pncr8z
pncri8g
pncri8r
pncri8y
pncri8z
pncro8r
pncro8y
pplb8g
pplb8r
pplb8y
pplb8z
pplbi8g
pplbi8r
pplbi8y
pplbi8z
pplbo8r
pplbo8y
pplbu8r
pplbu8y
pplr8g
pplr8r
pplr8rn
pplr8y
pplr8yn
pplr8z
pplri8g
pplri8r
pplri8y
pplri8z
pplro8r
pplro8y
pplrr8re
pplrr8ye
pplru8r
pplru8y
psyr
psyrgo
psyro
ptmb8g
ptmb8r
ptmb8y
ptmb8z
ptmbi8g
ptmbi8r
ptmbi8y
ptmbi8z
ptmbo8r
ptmbo8y
ptmr8g
ptmr8r
ptmr8rn
ptmr8y
ptmr8yn
ptmr8z
ptmri8g
ptmri8r
ptmri8y
ptmri8z
ptmro8r
ptmro8y
ptmrr8re
ptmrr8ye
pzcmi8g
pzcmi8r
pzcmi8y
pzcmi8z
pzdr
rpagd
rpagdo
rpagk
rpagko
rpbkd
rpbkdi
rpbkl
rpbkli
rpcrb
rpcrbo
rpcrr
rpcrro
rphvb
rphvbo
rphvbon
rphvbrn
rphvr
rphvro
rphvron
rphvrrn
rpncb
rpncbi
rpncr
rpncri
rpplb
rpplbi
rpplbu
rpplr
rpplri
rpplro
rpplrre
rpplrrn
rpplru
rpsyr
rpsyro
rptmb
rptmbi
rptmbo
rptmr
rptmri
rptmro
rptmrre
rptmrrn
rpxpplb
rpxpplbi
rpxpplbo
rpxpplr
rpxpplri
rpxpplro
rpzcmi
rpzdr
rtxphvb
rtxphvbo
rtxphvr
rtxphvro
rtxptmb
rtxptmbi
rtxptmbo
rtxptmr
rtxptmri
rtxptmro
sy
tib
tibi
tibo
tii
tio
tir
tmbi108r
tmbo108r
tmbu108r
tmrb108r
tmri108r
tmrm108r
tmro108r
tmui108r
zd
zpzdr-reversed

/Users/bytedance/Library/TinyTeX/texmf-dist/fonts/map/dvips/tetex/dvips35.map:
cob
cobo
com
coo
hv
hvb
hvbo
hvo
pagd8g
pagd8r
pagd8y
pagd8z
pagdo8g
pagdo8r
pagdo8y
pagdo8z
pagk8g
pagk8r
pagk8y
pagk8z
pagko8g
pagko8r
pagko8y
pagko8z
pbkd8g
pbkd8r
pbkd8y
pbkd8z
pbkdi8g
pbkdi8r
pbkdi8y
pbkdi8z
pbkdo8r
pbkdo8y
pbkl8g
pbkl8r
pbkl8y
pbkl8z
pbkli8g
pbkli8r
pbkli8y
pbkli8z
pbklo8r
pbklo8y
pcrb8g
pcrb8r
pcrb8u
pcrb8y
pcrbo8g
pcrbo8r
pcrbo8u
pcrbo8y
pcrr8g
pcrr8r
pcrr8rn
pcrr8u
pcrr8y
pcrro8g
pcrro8r
pcrro8u
pcrro8y
phvb8g
phvb8r
phvb8rn
phvb8y
phvb8yn
phvb8z
phvbn8g
phvbn8z
phvbo8g
phvbo8r
phvbo8rn
phvbo8y
phvbo8yn
phvbo8z
phvbon8g
phvbon8z
phvr8g
phvr8r
phvr8rn
phvr8y
phvr8yn
phvr8z
phvrn8g
phvrn8z
phvro8g
phvro8r
phvro8rn
phvro8y
phvro8yn
phvro8z
phvron8g
phvron8z
pncb8g
pncb8r
pncb8y
pncb8z
pncbi8g
pncbi8r
pncbi8y
pncbi8z
pncbo8r
pncbo8y
pncr8g
pncr8r
pncr8y
pncr8z
pncri8g
pncri8r
pncri8y
pncri8z
pncro8r
pncro8y
pplb8g
pplb8r
pplb8y
pplb8z
pplbi8g
pplbi8r
pplbi8y
pplbi8z
pplbo8r
pplbo8y
pplbu8r
pplbu8y
pplr8g
pplr8r
pplr8rn
pplr8y
pplr8yn
pplr8z
pplri8g
pplri8r
pplri8y
pplri8z
pplro8r
pplro8y
pplrr8re
pplrr8ye
pplru8r
pplru8y
psyr
psyrgo
psyro
ptmb8g
ptmb8r
ptmb8y
ptmb8z
ptmbi8g
ptmbi8r
ptmbi8y
ptmbi8z
ptmbo8r
ptmbo8y
ptmr8g
ptmr8r
ptmr8rn
ptmr8y
ptmr8yn
ptmr8z
ptmri8g
ptmri8r
ptmri8y
ptmri8z
ptmro8r
ptmro8y
ptmrr8re
ptmrr8ye
pzcmi8r
pzcmi8y
pzcmi8z
pzdr
rpagd
rpagdo
rpagk
rpagko
rpbkd
rpbkdi
rpbkl
rpbkli
rpcrb
rpcrbo
rpcrr
rpcrro
rphvb
rphvbo
rphvbon
rphvbrn
rphvr
rphvro
rphvron
rphvrrn
rpncb
rpncbi
rpncr
rpncri
rpplb
rpplbi
rpplbu
rpplr
rpplri
rpplro
rpplrre
rpplrrn
rpplru
rpsyr
rpsyro
rptmb
rptmbi
rptmbo
rptmr
rptmri
rptmro
rptmrre
rptmrrn
rpxpplb
rpxpplbi
rpxpplbo
rpxpplr
rpxpplri
rpxpplro
rpzcmi
rpzdr
rtxphvb
rtxphvbo
rtxphvr
rtxphvro
rtxptmb
rtxptmbi
rtxptmbo
rtxptmr
rtxptmri
rtxptmro
sy
tib
tibi
tibo
tii
tio
tir
tmbi108r
tmbo108r
tmbu108r
tmrb108r
tmri108r
tmrm108r
tmro108r
tmui108r
zd
zpzdr-reversed

/Users/bytedance/Library/TinyTeX/texmf-dist/fonts/map/dvips/tetex/pdftex35.map:
cob
cobo
com
coo
hv
hvb
hvbo
hvo
pagd8g
pagd8r
pagd8y
pagd8z
pagdo8g
pagdo8r
pagdo8y
pagdo8z
pagk8g
pagk8r
pagk8y
pagk8z
pagko8g
pagko8r
pagko8y
pagko8z
pbkd8g
pbkd8r
pbkd8y
pbkd8z
pbkdi8g
pbkdi8r
pbkdi8y
pbkdi8z
pbkdo8r
pbkdo8y
pbkl8g
pbkl8r
pbkl8y
pbkl8z
pbkli8g
pbkli8r
pbkli8y
pbkli8z
pbklo8r
pbklo8y
pcrb8g
pcrb8r
pcrb8u
pcrb8y
pcrbo8g
pcrbo8r
pcrbo8u
pcrbo8y
pcrr8g
pcrr8r
pcrr8rn
pcrr8u
pcrr8y
pcrro8g
pcrro8r
pcrro8u
pcrro8y
phvb8g
phvb8r
phvb8rn
phvb8y
phvb8yn
phvb8z
phvbn8g
phvbn8z
phvbo8g
phvbo8r
phvbo8rn
phvbo8y
phvbo8yn
phvbo8z
phvbon8g
phvbon8z
phvr8g
phvr8r
phvr8rn
phvr8y
phvr8yn
phvr8z
phvrn8g
phvrn8z
phvro8g
phvro8r
phvro8rn
phvro8y
phvro8yn
phvro8z
phvron8g
phvron8z
pncb8g
pncb8r
pncb8y
pncb8z
pncbi8g
pncbi8r
pncbi8y
pncbi8z
pncbo8r
pncbo8y
pncr8g
pncr8r
pncr8y
pncr8z
pncri8g
pncri8r
pncri8y
pncri8z
pncro8r
pncro8y
pplb8g
pplb8r
pplb8y
pplb8z
pplbi8g
pplbi8r
pplbi8y
pplbi8z
pplbo8r
pplbo8y
pplbu8r
pplbu8y
pplr8g
pplr8r
pplr8rn
pplr8y
pplr8yn
pplr8z
pplri8g
pplri8r
pplri8y
pplri8z
pplro8r
pplro8y
pplrr8re
pplrr8ye
pplru8r
pplru8y
psyr
psyrgo
psyro
ptmb8g
ptmb8r
ptmb8y
ptmb8z
ptmbi8g
ptmbi8r
ptmbi8y
ptmbi8z
ptmbo8r
ptmbo8y
ptmr8g
ptmr8r
ptmr8rn
ptmr8y
ptmr8yn
ptmr8z
ptmri8g
ptmri8r
ptmri8y
ptmri8z
ptmro8r
ptmro8y
ptmrr8re
ptmrr8ye
pzcmi8g
pzcmi8r
pzcmi8y
pzcmi8z
pzdr
rpagd
rpagdo
rpagk
rpagko
rpbkd
rpbkdi
rpbkl
rpbkli
rpcrb
rpcrbo
rpcrr
rpcrro
rphvb
rphvbo
rphvbon
rphvbrn
rphvr
rphvro
rphvron
rphvrrn
rpncb
rpncbi
rpncr
rpncri
rpplb
rpplbi
rpplbu
rpplr
rpplri
rpplro
rpplrre
rpplrrn
rpplru
rpsyr
rpsyro
rptmb
rptmbi
rptmbo
rptmr
rptmri
rptmro
rptmrre
rptmrrn
rpxpplb
rpxpplbi
rpxpplbo
rpxpplr
rpxpplri
rpxpplro
rpzcmi
rpzdr
rtxphvb
rtxphvbo
rtxphvr
rtxphvro
rtxptmb
rtxptmbi
rtxptmbo
rtxptmr
rtxptmri
rtxptmro
sy
tib
tibi
tibo
tii
tio
tir
tmbi108r
tmbo108r
tmbu108r
tmrb108r
tmri108r
tmrm108r
tmro108r
tmui108r
zd
zpzdr-reversed

/Users/bytedance/paper/texmf/fonts/map/dvips/amsfonts/cm.map:
cmb10
cmbsy10
cmbx10
cmbx12
cmbx5
cmbx6
cmbx7
cmbx8
cmbx9
cmbxsl10
cmbxti10
cmcsc10
cmdunh10
cmex10
cmex9
cmff10
cmfi10
cmfib8
cminch
cmitt10
cmmi10
cmmi12
cmmi5
cmmi6
cmmi7
cmmi8
cmmi9
cmmib10
cmr10
cmr12
cmr17
cmr5
cmr6
cmr7
cmr8
cmr9
cmsl10
cmsl12
cmsl8
cmsl9
cmsltt10
cmss10
cmss12
cmss17
cmss8
cmss9
cmssbx10
cmssdc10
cmssi10
cmssi12
cmssi17
cmssi8
cmssi9
cmssq8
cmssqi8
cmsy10
cmsy5
cmsy6
cmsy7
cmsy8
cmsy9
cmtcsc10
cmtex10
cmtex8
cmtex9
cmti10
cmti12
cmti7
cmti8
cmti9
cmtt10
cmtt12
cmtt8
cmtt9
cmu10
cmvtt10

/Users/bytedance/paper/texmf/fonts/map/dvips/amsfonts/cmextra.map:
cmbsy5
cmbsy6
cmbsy7
cmbsy8
cmbsy9
cmcsc8
cmcsc9
cmex7
cmex8
cmmib5
cmmib6
cmmib7
cmmib8
cmmib9

/Users/bytedance/Library/TinyTeX/texmf-dist/fonts/map/dvips/cm/cmtext-bsr-interpolated.map:
cmbxti12
cmbxti7
cmitt12
cmitt9
cmsl6
cmsltt9

/Users/bytedance/paper/texmf/fonts/map/dvips/amsfonts/cyrillic.map:
wncyb10
wncyb5
wncyb6
wncyb7
wncyb8
wncyb9
wncyi10
wncyi5
wncyi6
wncyi7
wncyi8
wncyi9
wncyr10
wncyr5
wncyr6
wncyr7
wncyr8
wncyr9
wncysc10
wncyss10
wncyss8
wncyss9

/Users/bytedance/paper/texmf/fonts/map/dvips/amsfonts/latxfont.map:
lasy10
lasy5
lasy6
lasy7
lasy8
lasy9
lasyb10
lcircle10
lcirclew10
lcmss8
lcmssb8
lcmssi8
line10
linew10

/Users/bytedance/paper/texmf/fonts/map/dvips/amsfonts/symbols.map:
msam10
msam5
msam6
msam7
msam8
msam9
msbm10
msbm5
msbm6
msbm7
msbm8
msbm9

/Users/bytedance/Library/TinyTeX/texmf-dist/fonts/map/dvips/tipa/tipa.map:
tipa10
tipa12
tipa17
tipa8
tipa9
tipab10
tipabs10
tipabx10
tipabx12
tipabx8
tipabx9
tipasb10
tipasi10
tipasl10
tipasl12
tipasl8
tipasl9
tipass10
tipass12
tipass17
tipass8
tipass9
tipats10
tipatt10
tipatt12
tipatt8
tipatt9
tipx10
tipx12
tipx17
tipx8
tipx9
tipxb10
tipxbs10
tipxbx10
tipxbx12
tipxbx8
tipxbx9
tipxsb10
tipxsi10
tipxsl10
tipxsl12
tipxsl8
tipxsl9
tipxss10
tipxss12
tipxss17
tipxss8
tipxss9
tipxts10
tipxtt10
tipxtt12
tipxtt8
tipxtt9
xipa10
xipab10
xipabs10
xipasb10
xipasi10
xipasl10
xipass10
xipx10
xipxb10
xipxbs10
xipxsb10
xipxsi10
xipxsl10
xipxss10

/Users/bytedance/Library/TinyTeX/texmf-dist/fonts/map/dvips/psnfss/charter.map:
bchb8r
bchbi8r
bchbo8r
bchr8r
bchri8r
bchro8r

/Users/bytedance/Library/TinyTeX/texmf-dist/fonts/map/dvips/dummy-space/dummy-space.map:
dummy-space

/Users/bytedance/paper/texmf/fonts/map/dvips/amsfonts/euler.map:
euex10
euex7
euex8
euex9
eufb10
eufb5
eufb6
eufb7
eufb8
eufb9
eufm10
eufm5
eufm6
eufm7
eufm8
eufm9
eurb10
eurb5
eurb6
eurb7
eurb8
eurb9
eurm10
eurm5
eurm6
eurm7
eurm8
eurm9
eusb10
eusb5
eusb6
eusb7
eusb8
eusb9
eusm10
eusm5
eusm6
eusm7
eusm8
eusm9

/Users/bytedance/Library/TinyTeX/texmf-dist/fonts/map/dvips/psnfss/fpls.map:
pplbij8r
pplbj8r
pplrc8r
pplrij8r

/Users/bytedance/paper/texmf/fonts/map/dvips/libertine/libertine.map:
LinBiolinumT-lf-ly1--base
LinBiolinumT-lf-ot1--base
LinBiolinumT-lf-sc-ly1--base
LinBiolinumT-lf-sc-ot1--base
LinBiolinumT-lf-sc-t1--base
LinBiolinumT-lf-t1--base
LinBiolinumT-lf-ts1--base
LinBiolinumT-osf-ly1--base
LinBiolinumT-osf-ot1--base
LinBiolinumT-osf-sc-ly1--base
LinBiolinumT-osf-sc-ot1--base
LinBiolinumT-osf-sc-t1--base
LinBiolinumT-osf-t1--base
LinBiolinumT-osf-ts1--base
LinBiolinumT-sup-ly1--base
LinBiolinumT-sup-ot1
LinBiolinumT-sup-t1--base
LinBiolinumT-tlf-ly1--base
LinBiolinumT-tlf-ot1--base
LinBiolinumT-tlf-sc-ly1--base
LinBiolinumT-tlf-sc-ot1--base
LinBiolinumT-tlf-sc-t1--base
LinBiolinumT-tlf-t1--base
LinBiolinumT-tlf-ts1--base
LinBiolinumT-tosf-ly1--base
LinBiolinumT-tosf-ot1--base
LinBiolinumT-tosf-sc-ly1--base
LinBiolinumT-tosf-sc-ot1--base
LinBiolinumT-tosf-sc-t1--base
LinBiolinumT-tosf-t1--base
LinBiolinumT-tosf-ts1--base
LinBiolinumTB-lf-ly1--base
LinBiolinumTB-lf-ot1--base
LinBiolinumTB-lf-sc-ly1--base
LinBiolinumTB-lf-sc-ot1--base
LinBiolinumTB-lf-sc-t1--base
LinBiolinumTB-lf-t1--base
LinBiolinumTB-lf-ts1--base
LinBiolinumTB-osf-ly1--base
LinBiolinumTB-osf-ot1--base
LinBiolinumTB-osf-sc-ly1--base
LinBiolinumTB-osf-sc-ot1--base
LinBiolinumTB-osf-sc-t1--base
LinBiolinumTB-osf-t1--base
LinBiolinumTB-osf-ts1--base
LinBiolinumTB-sup-ly1--base
LinBiolinumTB-sup-ot1
LinBiolinumTB-sup-t1--base
LinBiolinumTB-tlf-ly1--base
LinBiolinumTB-tlf-ot1--base
LinBiolinumTB-tlf-sc-ly1--base
LinBiolinumTB-tlf-sc-ot1--base
LinBiolinumTB-tlf-sc-t1--base
LinBiolinumTB-tlf-t1--base
LinBiolinumTB-tlf-ts1--base
LinBiolinumTB-tosf-ly1--base
LinBiolinumTB-tosf-ot1--base
LinBiolinumTB-tosf-sc-ly1--base
LinBiolinumTB-tosf-sc-ot1--base
LinBiolinumTB-tosf-sc-t1--base
LinBiolinumTB-tosf-t1--base
LinBiolinumTB-tosf-ts1--base
LinBiolinumTBO-lf-ly1--base
LinBiolinumTBO-lf-ot1--base
LinBiolinumTBO-lf-sc-ly1--base
LinBiolinumTBO-lf-sc-ot1--base
LinBiolinumTBO-lf-sc-t1--base
LinBiolinumTBO-lf-t1--base
LinBiolinumTBO-lf-ts1--base
LinBiolinumTBO-osf-ly1--base
LinBiolinumTBO-osf-ot1--base
LinBiolinumTBO-osf-sc-ly1--base
LinBiolinumTBO-osf-sc-ot1--base
LinBiolinumTBO-osf-sc-t1--base
LinBiolinumTBO-osf-t1--base
LinBiolinumTBO-osf-ts1--base
LinBiolinumTBO-sup-ly1--base
LinBiolinumTBO-sup-ot1
LinBiolinumTBO-sup-t1--base
LinBiolinumTBO-tlf-ly1--base
LinBiolinumTBO-tlf-ot1--base
LinBiolinumTBO-tlf-sc-ly1--base
LinBiolinumTBO-tlf-sc-ot1--base
LinBiolinumTBO-tlf-sc-t1--base
LinBiolinumTBO-tlf-t1--base
LinBiolinumTBO-tlf-ts1--base
LinBiolinumTBO-tosf-ly1--base
LinBiolinumTBO-tosf-ot1--base
LinBiolinumTBO-tosf-sc-ly1--base
LinBiolinumTBO-tosf-sc-ot1--base
LinBiolinumTBO-tosf-sc-t1--base
LinBiolinumTBO-tosf-t1--base
LinBiolinumTBO-tosf-ts1--base
LinBiolinumTI-lf-ly1--base
LinBiolinumTI-lf-ot1--base
LinBiolinumTI-lf-sc-ly1--base
LinBiolinumTI-lf-sc-ot1--base
LinBiolinumTI-lf-sc-t1--base
LinBiolinumTI-lf-t1--base
LinBiolinumTI-lf-ts1--base
LinBiolinumTI-osf-ly1--base
LinBiolinumTI-osf-ot1--base
LinBiolinumTI-osf-sc-ly1--base
LinBiolinumTI-osf-sc-ot1--base
LinBiolinumTI-osf-sc-t1--base
LinBiolinumTI-osf-t1--base
LinBiolinumTI-osf-ts1--base
LinBiolinumTI-sup-ly1--base
LinBiolinumTI-sup-ot1
LinBiolinumTI-sup-t1--base
LinBiolinumTI-tlf-ly1--base
LinBiolinumTI-tlf-ot1--base
LinBiolinumTI-tlf-sc-ly1--base
LinBiolinumTI-tlf-sc-ot1--base
LinBiolinumTI-tlf-sc-t1--base
LinBiolinumTI-tlf-t1--base
LinBiolinumTI-tlf-ts1--base
LinBiolinumTI-tosf-ly1--base
LinBiolinumTI-tosf-ot1--base
LinBiolinumTI-tosf-sc-ly1--base
LinBiolinumTI-tosf-sc-ot1--base
LinBiolinumTI-tosf-sc-t1--base
LinBiolinumTI-tosf-t1--base
LinBiolinumTI-tosf-ts1--base
LinLibertineDisplayT-lf-ly1--base
LinLibertineDisplayT-lf-ot1--base
LinLibertineDisplayT-lf-t1--base
LinLibertineDisplayT-lf-ts1--base
LinLibertineDisplayT-osf-ly1--base
LinLibertineDisplayT-osf-ot1--base
LinLibertineDisplayT-osf-t1--base
LinLibertineDisplayT-osf-ts1--base
LinLibertineDisplayT-sup-ly1--base
LinLibertineDisplayT-sup-ot1
LinLibertineDisplayT-sup-t1--base
LinLibertineDisplayT-tlf-ly1--base
LinLibertineDisplayT-tlf-ot1--base
LinLibertineDisplayT-tlf-t1--base
LinLibertineDisplayT-tlf-ts1--base
LinLibertineDisplayT-tosf-ly1--base
LinLibertineDisplayT-tosf-ot1--base
LinLibertineDisplayT-tosf-t1--base
LinLibertineDisplayT-tosf-ts1--base
LinLibertineIT-lf-ly1--base
LinLibertineIT-lf-ot1
LinLibertineIT-lf-t1--base
LinLibertineIT-lf-ts1--base
LinLibertineIT-tlf-ly1--base
LinLibertineIT-tlf-ot1
LinLibertineIT-tlf-t1--base
LinLibertineIT-tlf-ts1--base
LinLibertineMT-lf-ly1--base
LinLibertineMT-lf-ot1
LinLibertineMT-lf-t1--base
LinLibertineMT-lf-ts1--base
LinLibertineMT-sup-ly1--base
LinLibertineMT-sup-ot1
LinLibertineMT-sup-t1--base
LinLibertineMT-tlf-ly1--base
LinLibertineMT-tlf-ot1
LinLibertineMT-tlf-t1--base
LinLibertineMT-tlf-ts1--base
LinLibertineMTB-lf-ly1--base
LinLibertineMTB-lf-ot1
LinLibertineMTB-lf-t1--base
LinLibertineMTB-lf-ts1--base
LinLibertineMTB-sup-ly1--base
LinLibertineMTB-sup-ot1
LinLibertineMTB-sup-t1--base
LinLibertineMTB-tlf-ly1--base
LinLibertineMTB-tlf-ot1
LinLibertineMTB-tlf-t1--base
LinLibertineMTB-tlf-ts1--base
LinLibertineMTBO-lf-ly1--base
LinLibertineMTBO-lf-ot1
LinLibertineMTBO-lf-t1--base
LinLibertineMTBO-lf-ts1--base
LinLibertineMTBO-sup-ly1--base
LinLibertineMTBO-sup-ot1
LinLibertineMTBO-sup-t1--base
LinLibertineMTBO-tlf-ly1--base
LinLibertineMTBO-tlf-ot1
LinLibertineMTBO-tlf-t1--base
LinLibertineMTBO-tlf-ts1--base
LinLibertineMTO-lf-ly1--base
LinLibertineMTO-lf-ot1
LinLibertineMTO-lf-t1--base
LinLibertineMTO-lf-ts1--base
LinLibertineMTO-sup-ly1--base
LinLibertineMTO-sup-ot1
LinLibertineMTO-sup-t1--base
LinLibertineMTO-tlf-ly1--base
LinLibertineMTO-tlf-ot1
LinLibertineMTO-tlf-t1--base
LinLibertineMTO-tlf-ts1--base
LinLibertineT-lf-ly1--base
LinLibertineT-lf-ot1--base
LinLibertineT-lf-sc-ly1--base
LinLibertineT-lf-sc-ot1--base
LinLibertineT-lf-sc-t1--base
LinLibertineT-lf-t1--base
LinLibertineT-lf-ts1--base
LinLibertineT-osf-ly1--base
LinLibertineT-osf-ot1--base
LinLibertineT-osf-sc-ly1--base
LinLibertineT-osf-sc-ot1--base
LinLibertineT-osf-sc-t1--base
LinLibertineT-osf-t1--base
LinLibertineT-osf-ts1--base
LinLibertineT-sup-ly1--base
LinLibertineT-sup-ot1
LinLibertineT-sup-t1--base
LinLibertineT-tlf-ly1--base
LinLibertineT-tlf-ot1--base
LinLibertineT-tlf-sc-ly1--base
LinLibertineT-tlf-sc-ot1--base
LinLibertineT-tlf-sc-t1--base
LinLibertineT-tlf-t1--base
LinLibertineT-tlf-ts1--base
LinLibertineT-tosf-ly1--base
LinLibertineT-tosf-ot1--base
LinLibertineT-tosf-sc-ly1--base
LinLibertineT-tosf-sc-ot1--base
LinLibertineT-tosf-sc-t1--base
LinLibertineT-tosf-t1--base
LinLibertineT-tosf-ts1--base
LinLibertineTB-lf-ly1--base
LinLibertineTB-lf-ot1--base
LinLibertineTB-lf-sc-ly1--base
LinLibertineTB-lf-sc-ot1--base
LinLibertineTB-lf-sc-t1--base
LinLibertineTB-lf-t1--base
LinLibertineTB-lf-ts1--base
LinLibertineTB-osf-ly1--base
LinLibertineTB-osf-ot1--base
LinLibertineTB-osf-sc-ly1--base
LinLibertineTB-osf-sc-ot1--base
LinLibertineTB-osf-sc-t1--base
LinLibertineTB-osf-t1--base
LinLibertineTB-osf-ts1--base
LinLibertineTB-sup-ly1--base
LinLibertineTB-sup-ot1
LinLibertineTB-sup-t1--base
LinLibertineTB-tlf-ly1--base
LinLibertineTB-tlf-ot1--base
LinLibertineTB-tlf-sc-ly1--base
LinLibertineTB-tlf-sc-ot1--base
LinLibertineTB-tlf-sc-t1--base
LinLibertineTB-tlf-t1--base
LinLibertineTB-tlf-ts1--base
LinLibertineTB-tosf-ly1--base
LinLibertineTB-tosf-ot1--base
LinLibertineTB-tosf-sc-ly1--base
LinLibertineTB-tosf-sc-ot1--base
LinLibertineTB-tosf-sc-t1--base
LinLibertineTB-tosf-t1--base
LinLibertineTB-tosf-ts1--base
LinLibertineTBI-lf-ly1--base
LinLibertineTBI-lf-ot1--base
LinLibertineTBI-lf-sc-ly1--base
LinLibertineTBI-lf-sc-ot1--base
LinLibertineTBI-lf-sc-t1--base
LinLibertineTBI-lf-t1--base
LinLibertineTBI-lf-ts1--base
LinLibertineTBI-osf-ly1--base
LinLibertineTBI-osf-ot1--base
LinLibertineTBI-osf-sc-ly1--base
LinLibertineTBI-osf-sc-ot1--base
LinLibertineTBI-osf-sc-t1--base
LinLibertineTBI-osf-t1--base
LinLibertineTBI-osf-ts1--base
LinLibertineTBI-sup-ly1--base
LinLibertineTBI-sup-ot1
LinLibertineTBI-sup-t1--base
LinLibertineTBI-tlf-ly1--base
LinLibertineTBI-tlf-ot1--base
LinLibertineTBI-tlf-sc-ly1--base
LinLibertineTBI-tlf-sc-ot1--base
LinLibertineTBI-tlf-sc-t1--base
LinLibertineTBI-tlf-t1--base
LinLibertineTBI-tlf-ts1--base
LinLibertineTBI-tosf-ly1--base
LinLibertineTBI-tosf-ot1--base
LinLibertineTBI-tosf-sc-ly1--base
LinLibertineTBI-tosf-sc-ot1--base
LinLibertineTBI-tosf-sc-t1--base
LinLibertineTBI-tosf-t1--base
LinLibertineTBI-tosf-ts1--base
LinLibertineTI-lf-ly1--base
LinLibertineTI-lf-ot1--base
LinLibertineTI-lf-sc-ly1--base
LinLibertineTI-lf-sc-ot1--base
LinLibertineTI-lf-sc-t1--base
LinLibertineTI-lf-t1--base
LinLibertineTI-lf-ts1--base
LinLibertineTI-osf-ly1--base
LinLibertineTI-osf-ot1--base
LinLibertineTI-osf-sc-ly1--base
LinLibertineTI-osf-sc-ot1--base
LinLibertineTI-osf-sc-t1--base
LinLibertineTI-osf-t1--base
LinLibertineTI-osf-ts1--base
LinLibertineTI-sup-ly1--base
LinLibertineTI-sup-ot1
LinLibertineTI-sup-t1--base
LinLibertineTI-tlf-ly1--base
LinLibertineTI-tlf-ot1--base
LinLibertineTI-tlf-sc-ly1--base
LinLibertineTI-tlf-sc-ot1--base
LinLibertineTI-tlf-sc-t1--base
LinLibertineTI-tlf-t1--base
LinLibertineTI-tlf-ts1--base
LinLibertineTI-tosf-ly1--base
LinLibertineTI-tosf-ot1--base
LinLibertineTI-tosf-sc-ly1--base
LinLibertineTI-tosf-sc-ot1--base
LinLibertineTI-tosf-sc-t1--base
LinLibertineTI-tosf-t1--base
LinLibertineTI-tosf-ts1--base
LinLibertineTZ-lf-ly1--base
LinLibertineTZ-lf-ot1--base
LinLibertineTZ-lf-sc-ly1--base
LinLibertineTZ-lf-sc-ot1--base
LinLibertineTZ-lf-sc-t1--base
LinLibertineTZ-lf-t1--base
LinLibertineTZ-lf-ts1--base
LinLibertineTZ-osf-ly1--base
LinLibertineTZ-osf-ot1--base
LinLibertineTZ-osf-sc-ly1--base
LinLibertineTZ-osf-sc-ot1--base
LinLibertineTZ-osf-sc-t1--base
LinLibertineTZ-osf-t1--base
LinLibertineTZ-osf-ts1--base
LinLibertineTZ-sup-ly1--base
LinLibertineTZ-sup-ot1
LinLibertineTZ-sup-t1--base
LinLibertineTZ-tlf-ly1--base
LinLibertineTZ-tlf-ot1--base
LinLibertineTZ-tlf-sc-ly1--base
LinLibertineTZ-tlf-sc-ot1--base
LinLibertineTZ-tlf-sc-t1--base
LinLibertineTZ-tlf-t1--base
LinLibertineTZ-tlf-ts1--base
LinLibertineTZ-tosf-ly1--base
LinLibertineTZ-tosf-ot1--base
LinLibertineTZ-tosf-sc-ly1--base
LinLibertineTZ-tosf-sc-ot1--base
LinLibertineTZ-tosf-sc-t1--base
LinLibertineTZ-tosf-t1--base
LinLibertineTZ-tosf-ts1--base
LinLibertineTZI-lf-ly1
LinLibertineTZI-lf-ot1--base
LinLibertineTZI-lf-sc-ly1--base
LinLibertineTZI-lf-sc-ot1--base
LinLibertineTZI-lf-sc-t1--base
LinLibertineTZI-lf-t1--base
LinLibertineTZI-lf-ts1--base
LinLibertineTZI-osf-ly1
LinLibertineTZI-osf-ot1--base
LinLibertineTZI-osf-sc-ly1--base
LinLibertineTZI-osf-sc-ot1--base
LinLibertineTZI-osf-sc-t1--base
LinLibertineTZI-osf-t1--base
LinLibertineTZI-osf-ts1--base
LinLibertineTZI-sup-ly1
LinLibertineTZI-sup-ot1
LinLibertineTZI-sup-t1--base
LinLibertineTZI-tlf-ly1
LinLibertineTZI-tlf-ot1--base
LinLibertineTZI-tlf-sc-ly1--base
LinLibertineTZI-tlf-sc-ot1--base
LinLibertineTZI-tlf-sc-t1--base
LinLibertineTZI-tlf-t1--base
LinLibertineTZI-tlf-ts1--base
LinLibertineTZI-tosf-ly1
LinLibertineTZI-tosf-ot1--base
LinLibertineTZI-tosf-sc-ly1--base
LinLibertineTZI-tosf-sc-ot1--base
LinLibertineTZI-tosf-sc-t1--base
LinLibertineTZI-tosf-t1--base
LinLibertineTZI-tosf-ts1--base

/Users/bytedance/paper/texmf/fonts/map/dvips/libertinus-type1/libertinus.map:
LibertinusMono-Bold-tlf-ly1--base
LibertinusMono-Bold-tlf-ot1
LibertinusMono-Bold-tlf-t1--base
LibertinusMono-Bold-tlf-ts1--base
LibertinusMono-BoldItalic-tlf-ly1--base
LibertinusMono-BoldItalic-tlf-ot1
LibertinusMono-BoldItalic-tlf-t1--base
LibertinusMono-BoldItalic-tlf-ts1--base
LibertinusMono-Italic-tlf-ly1--base
LibertinusMono-Italic-tlf-ot1
LibertinusMono-Italic-tlf-t1--base
LibertinusMono-Italic-tlf-ts1--base
LibertinusMono-Regular-tlf-ly1--base
LibertinusMono-Regular-tlf-ot1
LibertinusMono-Regular-tlf-t1--base
LibertinusMono-Regular-tlf-ts1--base
LibertinusSans-Bold-lf-lgr
LibertinusSans-Bold-lf-ly1
LibertinusSans-Bold-lf-ot1
LibertinusSans-Bold-lf-sc-lgr
LibertinusSans-Bold-lf-sc-ly1--base
LibertinusSans-Bold-lf-sc-ot1--base
LibertinusSans-Bold-lf-sc-t1--base
LibertinusSans-Bold-lf-sc-t2a--base
LibertinusSans-Bold-lf-sc-t2b--base
LibertinusSans-Bold-lf-sc-t2c--base
LibertinusSans-Bold-lf-t1--base
LibertinusSans-Bold-lf-t2a
LibertinusSans-Bold-lf-t2b
LibertinusSans-Bold-lf-t2c
LibertinusSans-Bold-lf-ts1--base
LibertinusSans-Bold-osf-lgr
LibertinusSans-Bold-osf-ly1
LibertinusSans-Bold-osf-ot1
LibertinusSans-Bold-osf-sc-lgr
LibertinusSans-Bold-osf-sc-ly1--base
LibertinusSans-Bold-osf-sc-ot1--base
LibertinusSans-Bold-osf-sc-t1--base
LibertinusSans-Bold-osf-sc-t2a--base
LibertinusSans-Bold-osf-sc-t2b--base
LibertinusSans-Bold-osf-sc-t2c--base
LibertinusSans-Bold-osf-t1--base
LibertinusSans-Bold-osf-t2a
LibertinusSans-Bold-osf-t2b
LibertinusSans-Bold-osf-t2c
LibertinusSans-Bold-osf-ts1--base
LibertinusSans-Bold-sup-lgr
LibertinusSans-Bold-sup-ly1
LibertinusSans-Bold-sup-ot1
LibertinusSans-Bold-sup-t1--base
LibertinusSans-Bold-sup-t2a
LibertinusSans-Bold-sup-t2b
LibertinusSans-Bold-sup-t2c
LibertinusSans-Bold-tlf-lgr
LibertinusSans-Bold-tlf-ly1
LibertinusSans-Bold-tlf-ot1
LibertinusSans-Bold-tlf-sc-lgr
LibertinusSans-Bold-tlf-sc-ly1--base
LibertinusSans-Bold-tlf-sc-ot1--base
LibertinusSans-Bold-tlf-sc-t1--base
LibertinusSans-Bold-tlf-sc-t2a--base
LibertinusSans-Bold-tlf-sc-t2b--base
LibertinusSans-Bold-tlf-sc-t2c--base
LibertinusSans-Bold-tlf-t1--base
LibertinusSans-Bold-tlf-t2a
LibertinusSans-Bold-tlf-t2b
LibertinusSans-Bold-tlf-t2c
LibertinusSans-Bold-tlf-ts1--base
LibertinusSans-Bold-tosf-lgr
LibertinusSans-Bold-tosf-ly1
LibertinusSans-Bold-tosf-ot1
LibertinusSans-Bold-tosf-sc-lgr
LibertinusSans-Bold-tosf-sc-ly1--base
LibertinusSans-Bold-tosf-sc-ot1--base
LibertinusSans-Bold-tosf-sc-t1--base
LibertinusSans-Bold-tosf-sc-t2a--base
LibertinusSans-Bold-tosf-sc-t2b--base
LibertinusSans-Bold-tosf-sc-t2c--base
LibertinusSans-Bold-tosf-t1--base
LibertinusSans-Bold-tosf-t2a
LibertinusSans-Bold-tosf-t2b
LibertinusSans-Bold-tosf-t2c
LibertinusSans-Bold-tosf-ts1--base
LibertinusSans-Italic-lf-lgr--base
LibertinusSans-Italic-lf-ly1--base
LibertinusSans-Italic-lf-ot1
LibertinusSans-Italic-lf-sc-lgr--base
LibertinusSans-Italic-lf-sc-ly1--base
LibertinusSans-Italic-lf-sc-ot1--base
LibertinusSans-Italic-lf-sc-t1--base
LibertinusSans-Italic-lf-sc-t2a--base
LibertinusSans-Italic-lf-sc-t2b--base
LibertinusSans-Italic-lf-sc-t2c--base
LibertinusSans-Italic-lf-t1--base
LibertinusSans-Italic-lf-t2a
LibertinusSans-Italic-lf-t2b
LibertinusSans-Italic-lf-t2c
LibertinusSans-Italic-lf-ts1--base
LibertinusSans-Italic-osf-lgr--base
LibertinusSans-Italic-osf-ly1--base
LibertinusSans-Italic-osf-ot1
LibertinusSans-Italic-osf-sc-lgr--base
LibertinusSans-Italic-osf-sc-ly1--base
LibertinusSans-Italic-osf-sc-ot1--base
LibertinusSans-Italic-osf-sc-t1--base
LibertinusSans-Italic-osf-sc-t2a--base
LibertinusSans-Italic-osf-sc-t2b--base
LibertinusSans-Italic-osf-sc-t2c--base
LibertinusSans-Italic-osf-t1--base
LibertinusSans-Italic-osf-t2a
LibertinusSans-Italic-osf-t2b
LibertinusSans-Italic-osf-t2c
LibertinusSans-Italic-osf-ts1--base
LibertinusSans-Italic-sup-lgr--base
LibertinusSans-Italic-sup-ly1--base
LibertinusSans-Italic-sup-ot1
LibertinusSans-Italic-sup-t1--base
LibertinusSans-Italic-sup-t2a
LibertinusSans-Italic-sup-t2b
LibertinusSans-Italic-sup-t2c
LibertinusSans-Italic-tlf-lgr--base
LibertinusSans-Italic-tlf-ly1--base
LibertinusSans-Italic-tlf-ot1
LibertinusSans-Italic-tlf-sc-lgr--base
LibertinusSans-Italic-tlf-sc-ly1--base
LibertinusSans-Italic-tlf-sc-ot1--base
LibertinusSans-Italic-tlf-sc-t1--base
LibertinusSans-Italic-tlf-sc-t2a--base
LibertinusSans-Italic-tlf-sc-t2b--base
LibertinusSans-Italic-tlf-sc-t2c--base
LibertinusSans-Italic-tlf-t1--base
LibertinusSans-Italic-tlf-t2a
LibertinusSans-Italic-tlf-t2b
LibertinusSans-Italic-tlf-t2c
LibertinusSans-Italic-tlf-ts1--base
LibertinusSans-Italic-tosf-lgr--base
LibertinusSans-Italic-tosf-ly1--base
LibertinusSans-Italic-tosf-ot1
LibertinusSans-Italic-tosf-sc-lgr--base
LibertinusSans-Italic-tosf-sc-ly1--base
LibertinusSans-Italic-tosf-sc-ot1--base
LibertinusSans-Italic-tosf-sc-t1--base
LibertinusSans-Italic-tosf-sc-t2a--base
LibertinusSans-Italic-tosf-sc-t2b--base
LibertinusSans-Italic-tosf-sc-t2c--base
LibertinusSans-Italic-tosf-t1--base
LibertinusSans-Italic-tosf-t2a
LibertinusSans-Italic-tosf-t2b
LibertinusSans-Italic-tosf-t2c
LibertinusSans-Italic-tosf-ts1--base
LibertinusSans-Regular-lf-lgr
LibertinusSans-Regular-lf-ly1
LibertinusSans-Regular-lf-ot1
LibertinusSans-Regular-lf-sc-lgr
LibertinusSans-Regular-lf-sc-ly1--base
LibertinusSans-Regular-lf-sc-ot1--base
LibertinusSans-Regular-lf-sc-t1--base
LibertinusSans-Regular-lf-sc-t2a--base
LibertinusSans-Regular-lf-sc-t2b--base
LibertinusSans-Regular-lf-sc-t2c--base
LibertinusSans-Regular-lf-t1--base
LibertinusSans-Regular-lf-t2a
LibertinusSans-Regular-lf-t2b
LibertinusSans-Regular-lf-t2c
LibertinusSans-Regular-lf-ts1--base
LibertinusSans-Regular-osf-lgr
LibertinusSans-Regular-osf-ly1
LibertinusSans-Regular-osf-ot1
LibertinusSans-Regular-osf-sc-lgr
LibertinusSans-Regular-osf-sc-ly1--base
LibertinusSans-Regular-osf-sc-ot1--base
LibertinusSans-Regular-osf-sc-t1--base
LibertinusSans-Regular-osf-sc-t2a--base
LibertinusSans-Regular-osf-sc-t2b--base
LibertinusSans-Regular-osf-sc-t2c--base
LibertinusSans-Regular-osf-t1--base
LibertinusSans-Regular-osf-t2a
LibertinusSans-Regular-osf-t2b
LibertinusSans-Regular-osf-t2c
LibertinusSans-Regular-osf-ts1--base
LibertinusSans-Regular-sup-lgr
LibertinusSans-Regular-sup-ly1
LibertinusSans-Regular-sup-ot1
LibertinusSans-Regular-sup-t1--base
LibertinusSans-Regular-sup-t2a
LibertinusSans-Regular-sup-t2b
LibertinusSans-Regular-sup-t2c
LibertinusSans-Regular-tlf-lgr
LibertinusSans-Regular-tlf-ly1
LibertinusSans-Regular-tlf-ot1
LibertinusSans-Regular-tlf-sc-lgr
LibertinusSans-Regular-tlf-sc-ly1--base
LibertinusSans-Regular-tlf-sc-ot1--base
LibertinusSans-Regular-tlf-sc-t1--base
LibertinusSans-Regular-tlf-sc-t2a--base
LibertinusSans-Regular-tlf-sc-t2b--base
LibertinusSans-Regular-tlf-sc-t2c--base
LibertinusSans-Regular-tlf-t1--base
LibertinusSans-Regular-tlf-t2a
LibertinusSans-Regular-tlf-t2b
LibertinusSans-Regular-tlf-t2c
LibertinusSans-Regular-tlf-ts1--base
LibertinusSans-Regular-tosf-lgr
LibertinusSans-Regular-tosf-ly1
LibertinusSans-Regular-tosf-ot1
LibertinusSans-Regular-tosf-sc-lgr
LibertinusSans-Regular-tosf-sc-ly1--base
LibertinusSans-Regular-tosf-sc-ot1--base
LibertinusSans-Regular-tosf-sc-t1--base
LibertinusSans-Regular-tosf-sc-t2a--base
LibertinusSans-Regular-tosf-sc-t2b--base
LibertinusSans-Regular-tosf-sc-t2c--base
LibertinusSans-Regular-tosf-t1--base
LibertinusSans-Regular-tosf-t2a
LibertinusSans-Regular-tosf-t2b
LibertinusSans-Regular-tosf-t2c
LibertinusSans-Regular-tosf-ts1--base
LibertinusSerif-Bold-lf-lgr
LibertinusSerif-Bold-lf-ly1
LibertinusSerif-Bold-lf-ot1
LibertinusSerif-Bold-lf-sc-lgr
LibertinusSerif-Bold-lf-sc-ly1--base
LibertinusSerif-Bold-lf-sc-ot1--base
LibertinusSerif-Bold-lf-sc-t1--base
LibertinusSerif-Bold-lf-sc-t2a--base
LibertinusSerif-Bold-lf-sc-t2b--base
LibertinusSerif-Bold-lf-sc-t2c--base
LibertinusSerif-Bold-lf-t1--base
LibertinusSerif-Bold-lf-t2a
LibertinusSerif-Bold-lf-t2b
LibertinusSerif-Bold-lf-t2c
LibertinusSerif-Bold-lf-ts1--base
LibertinusSerif-Bold-osf-lgr
LibertinusSerif-Bold-osf-ly1
LibertinusSerif-Bold-osf-ot1
LibertinusSerif-Bold-osf-sc-lgr
LibertinusSerif-Bold-osf-sc-ly1--base
LibertinusSerif-Bold-osf-sc-ot1--base
LibertinusSerif-Bold-osf-sc-t1--base
LibertinusSerif-Bold-osf-sc-t2a--base
LibertinusSerif-Bold-osf-sc-t2b--base
LibertinusSerif-Bold-osf-sc-t2c--base
LibertinusSerif-Bold-osf-t1--base
LibertinusSerif-Bold-osf-t2a
LibertinusSerif-Bold-osf-t2b
LibertinusSerif-Bold-osf-t2c
LibertinusSerif-Bold-osf-ts1--base
LibertinusSerif-Bold-sup-lgr
LibertinusSerif-Bold-sup-ly1
LibertinusSerif-Bold-sup-ot1
LibertinusSerif-Bold-sup-t1--base
LibertinusSerif-Bold-sup-t2a
LibertinusSerif-Bold-sup-t2b
LibertinusSerif-Bold-sup-t2c
LibertinusSerif-Bold-tlf-lgr
LibertinusSerif-Bold-tlf-ly1
LibertinusSerif-Bold-tlf-ot1
LibertinusSerif-Bold-tlf-sc-lgr
LibertinusSerif-Bold-tlf-sc-ly1--base
LibertinusSerif-Bold-tlf-sc-ot1--base
LibertinusSerif-Bold-tlf-sc-t1--base
LibertinusSerif-Bold-tlf-sc-t2a--base
LibertinusSerif-Bold-tlf-sc-t2b--base
LibertinusSerif-Bold-tlf-sc-t2c--base
LibertinusSerif-Bold-tlf-t1--base
LibertinusSerif-Bold-tlf-t2a
LibertinusSerif-Bold-tlf-t2b
LibertinusSerif-Bold-tlf-t2c
LibertinusSerif-Bold-tlf-ts1--base
LibertinusSerif-Bold-tosf-lgr
LibertinusSerif-Bold-tosf-ly1
LibertinusSerif-Bold-tosf-ot1
LibertinusSerif-Bold-tosf-sc-lgr
LibertinusSerif-Bold-tosf-sc-ly1--base
LibertinusSerif-Bold-tosf-sc-ot1--base
LibertinusSerif-Bold-tosf-sc-t1--base
LibertinusSerif-Bold-tosf-sc-t2a--base
LibertinusSerif-Bold-tosf-sc-t2b--base
LibertinusSerif-Bold-tosf-sc-t2c--base
LibertinusSerif-Bold-tosf-t1--base
LibertinusSerif-Bold-tosf-t2a
LibertinusSerif-Bold-tosf-t2b
LibertinusSerif-Bold-tosf-t2c
LibertinusSerif-Bold-tosf-ts1--base
LibertinusSerif-BoldItalic-lf-lgr
LibertinusSerif-BoldItalic-lf-ly1
LibertinusSerif-BoldItalic-lf-ot1
LibertinusSerif-BoldItalic-lf-sc-lgr
LibertinusSerif-BoldItalic-lf-sc-ly1--base
LibertinusSerif-BoldItalic-lf-sc-ot1--base
LibertinusSerif-BoldItalic-lf-sc-t1--base
LibertinusSerif-BoldItalic-lf-sc-t2a--base
LibertinusSerif-BoldItalic-lf-sc-t2b--base
LibertinusSerif-BoldItalic-lf-sc-t2c--base
LibertinusSerif-BoldItalic-lf-t1--base
LibertinusSerif-BoldItalic-lf-t2a
LibertinusSerif-BoldItalic-lf-t2b
LibertinusSerif-BoldItalic-lf-t2c
LibertinusSerif-BoldItalic-lf-ts1--base
LibertinusSerif-BoldItalic-osf-lgr
LibertinusSerif-BoldItalic-osf-ly1
LibertinusSerif-BoldItalic-osf-ot1
LibertinusSerif-BoldItalic-osf-sc-lgr
LibertinusSerif-BoldItalic-osf-sc-ly1--base
LibertinusSerif-BoldItalic-osf-sc-ot1--base
LibertinusSerif-BoldItalic-osf-sc-t1--base
LibertinusSerif-BoldItalic-osf-sc-t2a--base
LibertinusSerif-BoldItalic-osf-sc-t2b--base
LibertinusSerif-BoldItalic-osf-sc-t2c--base
LibertinusSerif-BoldItalic-osf-t1--base
LibertinusSerif-BoldItalic-osf-t2a
LibertinusSerif-BoldItalic-osf-t2b
LibertinusSerif-BoldItalic-osf-t2c
LibertinusSerif-BoldItalic-osf-ts1--base
LibertinusSerif-BoldItalic-sup-lgr
LibertinusSerif-BoldItalic-sup-ly1
LibertinusSerif-BoldItalic-sup-ot1
LibertinusSerif-BoldItalic-sup-t1--base
LibertinusSerif-BoldItalic-sup-t2a
LibertinusSerif-BoldItalic-sup-t2b
LibertinusSerif-BoldItalic-sup-t2c
LibertinusSerif-BoldItalic-tlf-lgr
LibertinusSerif-BoldItalic-tlf-ly1
LibertinusSerif-BoldItalic-tlf-ot1
LibertinusSerif-BoldItalic-tlf-sc-lgr
LibertinusSerif-BoldItalic-tlf-sc-ly1--base
LibertinusSerif-BoldItalic-tlf-sc-ot1--base
LibertinusSerif-BoldItalic-tlf-sc-t1--base
LibertinusSerif-BoldItalic-tlf-sc-t2a--base
LibertinusSerif-BoldItalic-tlf-sc-t2b--base
LibertinusSerif-BoldItalic-tlf-sc-t2c--base
LibertinusSerif-BoldItalic-tlf-t1--base
LibertinusSerif-BoldItalic-tlf-t2a
LibertinusSerif-BoldItalic-tlf-t2b
LibertinusSerif-BoldItalic-tlf-t2c
LibertinusSerif-BoldItalic-tlf-ts1--base
LibertinusSerif-BoldItalic-tosf-lgr
LibertinusSerif-BoldItalic-tosf-ly1
LibertinusSerif-BoldItalic-tosf-ot1
LibertinusSerif-BoldItalic-tosf-sc-lgr
LibertinusSerif-BoldItalic-tosf-sc-ly1--base
LibertinusSerif-BoldItalic-tosf-sc-ot1--base
LibertinusSerif-BoldItalic-tosf-sc-t1--base
LibertinusSerif-BoldItalic-tosf-sc-t2a--base
LibertinusSerif-BoldItalic-tosf-sc-t2b--base
LibertinusSerif-BoldItalic-tosf-sc-t2c--base
LibertinusSerif-BoldItalic-tosf-t1--base
LibertinusSerif-BoldItalic-tosf-t2a
LibertinusSerif-BoldItalic-tosf-t2b
LibertinusSerif-BoldItalic-tosf-t2c
LibertinusSerif-BoldItalic-tosf-ts1--base
LibertinusSerif-Italic-lf-lgr
LibertinusSerif-Italic-lf-ly1
LibertinusSerif-Italic-lf-ot1
LibertinusSerif-Italic-lf-sc-lgr
LibertinusSerif-Italic-lf-sc-ly1--base
LibertinusSerif-Italic-lf-sc-ot1--base
LibertinusSerif-Italic-lf-sc-t1--base
LibertinusSerif-Italic-lf-sc-t2a--base
LibertinusSerif-Italic-lf-sc-t2b--base
LibertinusSerif-Italic-lf-sc-t2c--base
LibertinusSerif-Italic-lf-t1--base
LibertinusSerif-Italic-lf-t2a
LibertinusSerif-Italic-lf-t2b
LibertinusSerif-Italic-lf-t2c
LibertinusSerif-Italic-lf-ts1--base
LibertinusSerif-Italic-osf-lgr
LibertinusSerif-Italic-osf-ly1
LibertinusSerif-Italic-osf-ot1
LibertinusSerif-Italic-osf-sc-lgr
LibertinusSerif-Italic-osf-sc-ly1--base
LibertinusSerif-Italic-osf-sc-ot1--base
LibertinusSerif-Italic-osf-sc-t1--base
LibertinusSerif-Italic-osf-sc-t2a--base
LibertinusSerif-Italic-osf-sc-t2b--base
LibertinusSerif-Italic-osf-sc-t2c--base
LibertinusSerif-Italic-osf-t1--base
LibertinusSerif-Italic-osf-t2a
LibertinusSerif-Italic-osf-t2b
LibertinusSerif-Italic-osf-t2c
LibertinusSerif-Italic-osf-ts1--base
LibertinusSerif-Italic-sup-lgr
LibertinusSerif-Italic-sup-ly1
LibertinusSerif-Italic-sup-ot1
LibertinusSerif-Italic-sup-t1--base
LibertinusSerif-Italic-sup-t2a
LibertinusSerif-Italic-sup-t2b
LibertinusSerif-Italic-sup-t2c
LibertinusSerif-Italic-tlf-lgr
LibertinusSerif-Italic-tlf-ly1
LibertinusSerif-Italic-tlf-ot1
LibertinusSerif-Italic-tlf-sc-lgr
LibertinusSerif-Italic-tlf-sc-ly1--base
LibertinusSerif-Italic-tlf-sc-ot1--base
LibertinusSerif-Italic-tlf-sc-t1--base
LibertinusSerif-Italic-tlf-sc-t2a--base
LibertinusSerif-Italic-tlf-sc-t2b--base
LibertinusSerif-Italic-tlf-sc-t2c--base
LibertinusSerif-Italic-tlf-t1--base
LibertinusSerif-Italic-tlf-t2a
LibertinusSerif-Italic-tlf-t2b
LibertinusSerif-Italic-tlf-t2c
LibertinusSerif-Italic-tlf-ts1--base
LibertinusSerif-Italic-tosf-lgr
LibertinusSerif-Italic-tosf-ly1
LibertinusSerif-Italic-tosf-ot1
LibertinusSerif-Italic-tosf-sc-lgr
LibertinusSerif-Italic-tosf-sc-ly1--base
LibertinusSerif-Italic-tosf-sc-ot1--base
LibertinusSerif-Italic-tosf-sc-t1--base
LibertinusSerif-Italic-tosf-sc-t2a--base
LibertinusSerif-Italic-tosf-sc-t2b--base
LibertinusSerif-Italic-tosf-sc-t2c--base
LibertinusSerif-Italic-tosf-t1--base
LibertinusSerif-Italic-tosf-t2a
LibertinusSerif-Italic-tosf-t2b
LibertinusSerif-Italic-tosf-t2c
LibertinusSerif-Italic-tosf-ts1--base
LibertinusSerif-Regular-lf-lgr
LibertinusSerif-Regular-lf-ly1
LibertinusSerif-Regular-lf-ot1
LibertinusSerif-Regular-lf-sc-lgr
LibertinusSerif-Regular-lf-sc-ly1--base
LibertinusSerif-Regular-lf-sc-ot1--base
LibertinusSerif-Regular-lf-sc-t1--base
LibertinusSerif-Regular-lf-sc-t2a--base
LibertinusSerif-Regular-lf-sc-t2b--base
LibertinusSerif-Regular-lf-sc-t2c--base
LibertinusSerif-Regular-lf-t1--base
LibertinusSerif-Regular-lf-t2a
LibertinusSerif-Regular-lf-t2b
LibertinusSerif-Regular-lf-t2c
LibertinusSerif-Regular-lf-ts1--base
LibertinusSerif-Regular-osf-lgr
LibertinusSerif-Regular-osf-ly1
LibertinusSerif-Regular-osf-ot1
LibertinusSerif-Regular-osf-sc-lgr
LibertinusSerif-Regular-osf-sc-ly1--base
LibertinusSerif-Regular-osf-sc-ot1--base
LibertinusSerif-Regular-osf-sc-t1--base
LibertinusSerif-Regular-osf-sc-t2a--base
LibertinusSerif-Regular-osf-sc-t2b--base
LibertinusSerif-Regular-osf-sc-t2c--base
LibertinusSerif-Regular-osf-t1--base
LibertinusSerif-Regular-osf-t2a
LibertinusSerif-Regular-osf-t2b
LibertinusSerif-Regular-osf-t2c
LibertinusSerif-Regular-osf-ts1--base
LibertinusSerif-Regular-sup-lgr
LibertinusSerif-Regular-sup-ly1
LibertinusSerif-Regular-sup-ot1
LibertinusSerif-Regular-sup-t1--base
LibertinusSerif-Regular-sup-t2a
LibertinusSerif-Regular-sup-t2b
LibertinusSerif-Regular-sup-t2c
LibertinusSerif-Regular-tlf-lgr
LibertinusSerif-Regular-tlf-ly1
LibertinusSerif-Regular-tlf-ot1
LibertinusSerif-Regular-tlf-sc-lgr
LibertinusSerif-Regular-tlf-sc-ly1--base
LibertinusSerif-Regular-tlf-sc-ot1--base
LibertinusSerif-Regular-tlf-sc-t1--base
LibertinusSerif-Regular-tlf-sc-t2a--base
LibertinusSerif-Regular-tlf-sc-t2b--base
LibertinusSerif-Regular-tlf-sc-t2c--base
LibertinusSerif-Regular-tlf-t1--base
LibertinusSerif-Regular-tlf-t2a
LibertinusSerif-Regular-tlf-t2b
LibertinusSerif-Regular-tlf-t2c
LibertinusSerif-Regular-tlf-ts1--base
LibertinusSerif-Regular-tosf-lgr
LibertinusSerif-Regular-tosf-ly1
LibertinusSerif-Regular-tosf-ot1
LibertinusSerif-Regular-tosf-sc-lgr
LibertinusSerif-Regular-tosf-sc-ly1--base
LibertinusSerif-Regular-tosf-sc-ot1--base
LibertinusSerif-Regular-tosf-sc-t1--base
LibertinusSerif-Regular-tosf-sc-t2a--base
LibertinusSerif-Regular-tosf-sc-t2b--base
LibertinusSerif-Regular-tosf-sc-t2c--base
LibertinusSerif-Regular-tosf-t1--base
LibertinusSerif-Regular-tosf-t2a
LibertinusSerif-Regular-tosf-t2b
LibertinusSerif-Regular-tosf-t2c
LibertinusSerif-Regular-tosf-ts1--base
LibertinusSerif-Semibold-lf-lgr
LibertinusSerif-Semibold-lf-ly1
LibertinusSerif-Semibold-lf-ot1
LibertinusSerif-Semibold-lf-sc-lgr
LibertinusSerif-Semibold-lf-sc-ly1--base
LibertinusSerif-Semibold-lf-sc-ot1--base
LibertinusSerif-Semibold-lf-sc-t1--base
LibertinusSerif-Semibold-lf-sc-t2a--base
LibertinusSerif-Semibold-lf-sc-t2b--base
LibertinusSerif-Semibold-lf-sc-t2c--base
LibertinusSerif-Semibold-lf-t1--base
LibertinusSerif-Semibold-lf-t2a
LibertinusSerif-Semibold-lf-t2b
LibertinusSerif-Semibold-lf-t2c
LibertinusSerif-Semibold-lf-ts1--base
LibertinusSerif-Semibold-osf-lgr
LibertinusSerif-Semibold-osf-ly1
LibertinusSerif-Semibold-osf-ot1
LibertinusSerif-Semibold-osf-sc-lgr
LibertinusSerif-Semibold-osf-sc-ly1--base
LibertinusSerif-Semibold-osf-sc-ot1--base
LibertinusSerif-Semibold-osf-sc-t1--base
LibertinusSerif-Semibold-osf-sc-t2a--base
LibertinusSerif-Semibold-osf-sc-t2b--base
LibertinusSerif-Semibold-osf-sc-t2c--base
LibertinusSerif-Semibold-osf-t1--base
LibertinusSerif-Semibold-osf-t2a
LibertinusSerif-Semibold-osf-t2b
LibertinusSerif-Semibold-osf-t2c
LibertinusSerif-Semibold-osf-ts1--base
LibertinusSerif-Semibold-sup-lgr
LibertinusSerif-Semibold-sup-ly1
LibertinusSerif-Semibold-sup-ot1
LibertinusSerif-Semibold-sup-t1--base
LibertinusSerif-Semibold-sup-t2a
LibertinusSerif-Semibold-sup-t2b
LibertinusSerif-Semibold-sup-t2c
LibertinusSerif-Semibold-tlf-lgr
LibertinusSerif-Semibold-tlf-ly1
LibertinusSerif-Semibold-tlf-ot1
LibertinusSerif-Semibold-tlf-sc-lgr
LibertinusSerif-Semibold-tlf-sc-ly1--base
LibertinusSerif-Semibold-tlf-sc-ot1--base
LibertinusSerif-Semibold-tlf-sc-t1--base
LibertinusSerif-Semibold-tlf-sc-t2a--base
LibertinusSerif-Semibold-tlf-sc-t2b--base
LibertinusSerif-Semibold-tlf-sc-t2c--base
LibertinusSerif-Semibold-tlf-t1--base
LibertinusSerif-Semibold-tlf-t2a
LibertinusSerif-Semibold-tlf-t2b
LibertinusSerif-Semibold-tlf-t2c
LibertinusSerif-Semibold-tlf-ts1--base
LibertinusSerif-Semibold-tosf-lgr
LibertinusSerif-Semibold-tosf-ly1
LibertinusSerif-Semibold-tosf-ot1
LibertinusSerif-Semibold-tosf-sc-lgr
LibertinusSerif-Semibold-tosf-sc-ly1--base
LibertinusSerif-Semibold-tosf-sc-ot1--base
LibertinusSerif-Semibold-tosf-sc-t1--base
LibertinusSerif-Semibold-tosf-sc-t2a--base
LibertinusSerif-Semibold-tosf-sc-t2b--base
LibertinusSerif-Semibold-tosf-sc-t2c--base
LibertinusSerif-Semibold-tosf-t1--base
LibertinusSerif-Semibold-tosf-t2a
LibertinusSerif-Semibold-tosf-t2b
LibertinusSerif-Semibold-tosf-t2c
LibertinusSerif-Semibold-tosf-ts1--base
LibertinusSerif-SemiboldItalic-lf-lgr
LibertinusSerif-SemiboldItalic-lf-ly1--base
LibertinusSerif-SemiboldItalic-lf-ot1--base
LibertinusSerif-SemiboldItalic-lf-sc-lgr
LibertinusSerif-SemiboldItalic-lf-sc-ly1--base
LibertinusSerif-SemiboldItalic-lf-sc-ot1--base
LibertinusSerif-SemiboldItalic-lf-sc-t1--base
LibertinusSerif-SemiboldItalic-lf-sc-t2a--base
LibertinusSerif-SemiboldItalic-lf-sc-t2b--base
LibertinusSerif-SemiboldItalic-lf-sc-t2c--base
LibertinusSerif-SemiboldItalic-lf-t1--base
LibertinusSerif-SemiboldItalic-lf-t2a--base
LibertinusSerif-SemiboldItalic-lf-t2b--base
LibertinusSerif-SemiboldItalic-lf-t2c--base
LibertinusSerif-SemiboldItalic-lf-ts1--base
LibertinusSerif-SemiboldItalic-osf-lgr
LibertinusSerif-SemiboldItalic-osf-ly1--base
LibertinusSerif-SemiboldItalic-osf-ot1--base
LibertinusSerif-SemiboldItalic-osf-sc-lgr
LibertinusSerif-SemiboldItalic-osf-sc-ly1--base
LibertinusSerif-SemiboldItalic-osf-sc-ot1--base
LibertinusSerif-SemiboldItalic-osf-sc-t1--base
LibertinusSerif-SemiboldItalic-osf-sc-t2a--base
LibertinusSerif-SemiboldItalic-osf-sc-t2b--base
LibertinusSerif-SemiboldItalic-osf-sc-t2c--base
LibertinusSerif-SemiboldItalic-osf-t1--base
LibertinusSerif-SemiboldItalic-osf-t2a--base
LibertinusSerif-SemiboldItalic-osf-t2b--base
LibertinusSerif-SemiboldItalic-osf-t2c--base
LibertinusSerif-SemiboldItalic-osf-ts1--base
LibertinusSerif-SemiboldItalic-sup-lgr
LibertinusSerif-SemiboldItalic-sup-ly1
LibertinusSerif-SemiboldItalic-sup-ot1
LibertinusSerif-SemiboldItalic-sup-t1--base
LibertinusSerif-SemiboldItalic-sup-t2a
LibertinusSerif-SemiboldItalic-sup-t2b
LibertinusSerif-SemiboldItalic-sup-t2c
LibertinusSerif-SemiboldItalic-tlf-lgr
LibertinusSerif-SemiboldItalic-tlf-ly1--base
LibertinusSerif-SemiboldItalic-tlf-ot1--base
LibertinusSerif-SemiboldItalic-tlf-sc-lgr
LibertinusSerif-SemiboldItalic-tlf-sc-ly1--base
LibertinusSerif-SemiboldItalic-tlf-sc-ot1--base
LibertinusSerif-SemiboldItalic-tlf-sc-t1--base
LibertinusSerif-SemiboldItalic-tlf-sc-t2a--base
LibertinusSerif-SemiboldItalic-tlf-sc-t2b--base
LibertinusSerif-SemiboldItalic-tlf-sc-t2c--base
LibertinusSerif-SemiboldItalic-tlf-t1--base
LibertinusSerif-SemiboldItalic-tlf-t2a--base
LibertinusSerif-SemiboldItalic-tlf-t2b--base
LibertinusSerif-SemiboldItalic-tlf-t2c--base
LibertinusSerif-SemiboldItalic-tlf-ts1--base
LibertinusSerif-SemiboldItalic-tosf-lgr
LibertinusSerif-SemiboldItalic-tosf-ly1--base
LibertinusSerif-SemiboldItalic-tosf-ot1--base
LibertinusSerif-SemiboldItalic-tosf-sc-lgr
LibertinusSerif-SemiboldItalic-tosf-sc-ly1--base
LibertinusSerif-SemiboldItalic-tosf-sc-ot1--base
LibertinusSerif-SemiboldItalic-tosf-sc-t1--base
LibertinusSerif-SemiboldItalic-tosf-sc-t2a--base
LibertinusSerif-SemiboldItalic-tosf-sc-t2b--base
LibertinusSerif-SemiboldItalic-tosf-sc-t2c--base
LibertinusSerif-SemiboldItalic-tosf-t1--base
LibertinusSerif-SemiboldItalic-tosf-t2a--base
LibertinusSerif-SemiboldItalic-tosf-t2b--base
LibertinusSerif-SemiboldItalic-tosf-t2c--base
LibertinusSerif-SemiboldItalic-tosf-ts1--base
LibertinusSerifDisplay-Regular-lf-ly1--base
LibertinusSerifDisplay-Regular-lf-ot1
LibertinusSerifDisplay-Regular-lf-t1--base
LibertinusSerifDisplay-Regular-lf-ts1--base
LibertinusSerifDisplay-Regular-osf-ly1--base
LibertinusSerifDisplay-Regular-osf-ot1
LibertinusSerifDisplay-Regular-osf-t1--base
LibertinusSerifDisplay-Regular-osf-ts1--base
LibertinusSerifDisplay-Regular-sup-ly1--base
LibertinusSerifDisplay-Regular-sup-ot1
LibertinusSerifDisplay-Regular-sup-t1--base
LibertinusSerifDisplay-Regular-tlf-ly1--base
LibertinusSerifDisplay-Regular-tlf-ot1
LibertinusSerifDisplay-Regular-tlf-t1--base
LibertinusSerifDisplay-Regular-tlf-ts1--base
LibertinusSerifDisplay-Regular-tosf-ly1--base
LibertinusSerifDisplay-Regular-tosf-ot1
LibertinusSerifDisplay-Regular-tosf-t1--base
LibertinusSerifDisplay-Regular-tosf-ts1--base

/Users/bytedance/Library/TinyTeX/texmf-dist/fonts/map/dvips/lm/lm.map:
cs-lmb10
cs-lmbo10
cs-lmbx10
cs-lmbx12
cs-lmbx5
cs-lmbx6
cs-lmbx7
cs-lmbx8
cs-lmbx9
cs-lmbxi10
cs-lmbxo10
cs-lmcsc10
cs-lmcsco10
cs-lmdunh10
cs-lmduno10
cs-lmr10
cs-lmr12
cs-lmr17
cs-lmr5
cs-lmr6
cs-lmr7
cs-lmr8
cs-lmr9
cs-lmri10
cs-lmri12
cs-lmri7
cs-lmri8
cs-lmri9
cs-lmro10
cs-lmro12
cs-lmro17
cs-lmro8
cs-lmro9
cs-lmss10
cs-lmss12
cs-lmss17
cs-lmss8
cs-lmss9
cs-lmssbo10
cs-lmssbx10
cs-lmssdc10
cs-lmssdo10
cs-lmsso10
cs-lmsso12
cs-lmsso17
cs-lmsso8
cs-lmsso9
cs-lmssq8
cs-lmssqbo8
cs-lmssqbx8
cs-lmssqo8
cs-lmtcsc10
cs-lmtcso10
cs-lmtk10
cs-lmtko10
cs-lmtl10
cs-lmtlc10
cs-lmtlco10
cs-lmtlo10
cs-lmtt10
cs-lmtt12
cs-lmtt8
cs-lmtt9
cs-lmtti10
cs-lmtto10
cs-lmu10
cs-lmvtk10
cs-lmvtko10
cs-lmvtl10
cs-lmvtlo10
cs-lmvtt10
cs-lmvtto10
ec-lmb10
ec-lmbo10
ec-lmbx10
ec-lmbx12
ec-lmbx5
ec-lmbx6
ec-lmbx7
ec-lmbx8
ec-lmbx9
ec-lmbxi10
ec-lmbxo10
ec-lmcsc10
ec-lmcsco10
ec-lmdunh10
ec-lmduno10
ec-lmr10
ec-lmr12
ec-lmr17
ec-lmr5
ec-lmr6
ec-lmr7
ec-lmr8
ec-lmr9
ec-lmri10
ec-lmri12
ec-lmri7
ec-lmri8
ec-lmri9
ec-lmro10
ec-lmro12
ec-lmro17
ec-lmro8
ec-lmro9
ec-lmss10
ec-lmss12
ec-lmss17
ec-lmss8
ec-lmss9
ec-lmssbo10
ec-lmssbx10
ec-lmssdc10
ec-lmssdo10
ec-lmsso10
ec-lmsso12
ec-lmsso17
ec-lmsso8
ec-lmsso9
ec-lmssq8
ec-lmssqbo8
ec-lmssqbx8
ec-lmssqo8
ec-lmtcsc10
ec-lmtcso10
ec-lmtk10
ec-lmtko10
ec-lmtl10
ec-lmtlc10
ec-lmtlco10
ec-lmtlo10
ec-lmtt10
ec-lmtt12
ec-lmtt8
ec-lmtt9
ec-lmtti10
ec-lmtto10
ec-lmu10
ec-lmvtk10
ec-lmvtko10
ec-lmvtl10
ec-lmvtlo10
ec-lmvtt10
ec-lmvtto10
l7x-lmb10
l7x-lmbo10
l7x-lmbx10
l7x-lmbx12
l7x-lmbx5
l7x-lmbx6
l7x-lmbx7
l7x-lmbx8
l7x-lmbx9
l7x-lmbxi10
l7x-lmbxo10
l7x-lmcsc10
l7x-lmcsco10
l7x-lmdunh10
l7x-lmduno10
l7x-lmr10
l7x-lmr12
l7x-lmr17
l7x-lmr5
l7x-lmr6
l7x-lmr7
l7x-lmr8
l7x-lmr9
l7x-lmri10
l7x-lmri12
l7x-lmri7
l7x-lmri8
l7x-lmri9
l7x-lmro10
l7x-lmro12
l7x-lmro17
l7x-lmro8
l7x-lmro9
l7x-lmss10
l7x-lmss12
l7x-lmss17
l7x-lmss8
l7x-lmss9
l7x-lmssbo10
l7x-lmssbx10
l7x-lmssdc10
l7x-lmssdo10
l7x-lmsso10
l7x-lmsso12
l7x-lmsso17
l7x-lmsso8
l7x-lmsso9
l7x-lmssq8
l7x-lmssqbo8
l7x-lmssqbx8
l7x-lmssqo8
l7x-lmtcsc10
l7x-lmtcso10
l7x-lmtk10
l7x-lmtko10
l7x-lmtl10
l7x-lmtlc10
l7x-lmtlco10
l7x-lmtlo10
l7x-lmtt10
l7x-lmtt12
l7x-lmtt8
l7x-lmtt9
l7x-lmtti10
l7x-lmtto10
l7x-lmu10
l7x-lmvtk10
l7x-lmvtko10
l7x-lmvtl10
l7x-lmvtlo10
l7x-lmvtt10
l7x-lmvtto10
lmbsy10
lmbsy5
lmbsy7
lmex10
lmmi10
lmmi12
lmmi5
lmmi6
lmmi7
lmmi8
lmmi9
lmmib10
lmmib5
lmmib7
lmsy10
lmsy5
lmsy6
lmsy7
lmsy8
lmsy9
qx-lmb10
qx-lmbo10
qx-lmbx10
qx-lmbx12
qx-lmbx5
qx-lmbx6
qx-lmbx7
qx-lmbx8
qx-lmbx9
qx-lmbxi10
qx-lmbxo10
qx-lmcsc10
qx-lmcsco10
qx-lmdunh10
qx-lmduno10
qx-lmr10
qx-lmr12
qx-lmr17
qx-lmr5
qx-lmr6
qx-lmr7
qx-lmr8
qx-lmr9
qx-lmri10
qx-lmri12
qx-lmri7
qx-lmri8
qx-lmri9
qx-lmro10
qx-lmro12
qx-lmro17
qx-lmro8
qx-lmro9
qx-lmss10
qx-lmss12
qx-lmss17
qx-lmss8
qx-lmss9
qx-lmssbo10
qx-lmssbx10
qx-lmssdc10
qx-lmssdo10
qx-lmsso10
qx-lmsso12
qx-lmsso17
qx-lmsso8
qx-lmsso9
qx-lmssq8
qx-lmssqbo8
qx-lmssqbx8
qx-lmssqo8
qx-lmtcsc10
qx-lmtcso10
qx-lmtk10
qx-lmtko10
qx-lmtl10
qx-lmtlc10
qx-lmtlco10
qx-lmtlo10
qx-lmtt10
qx-lmtt12
qx-lmtt8
qx-lmtt9
qx-lmtti10
qx-lmtto10
qx-lmu10
qx-lmvtk10
qx-lmvtko10
qx-lmvtl10
qx-lmvtlo10
qx-lmvtt10
qx-lmvtto10
rm-lmb10
rm-lmbo10
rm-lmbx10
rm-lmbx12
rm-lmbx5
rm-lmbx6
rm-lmbx7
rm-lmbx8
rm-lmbx9
rm-lmbxi10
rm-lmbxo10
rm-lmcsc10
rm-lmcsco10
rm-lmdunh10
rm-lmduno10
rm-lmr10
rm-lmr12
rm-lmr17
rm-lmr5
rm-lmr6
rm-lmr7
rm-lmr8
rm-lmr9
rm-lmri10
rm-lmri12
rm-lmri7
rm-lmri8
rm-lmri9
rm-lmro10
rm-lmro12
rm-lmro17
rm-lmro8
rm-lmro9
rm-lmss10
rm-lmss12
rm-lmss17
rm-lmss8
rm-lmss9
rm-lmssbo10
rm-lmssbx10
rm-lmssdc10
rm-lmssdo10
rm-lmsso10
rm-lmsso12
rm-lmsso17
rm-lmsso8
rm-lmsso9
rm-lmssq8
rm-lmssqbo8
rm-lmssqbx8
rm-lmssqo8
rm-lmtcsc10
rm-lmtcso10
rm-lmtk10
rm-lmtko10
rm-lmtl10
rm-lmtlc10
rm-lmtlco10
rm-lmtlo10
rm-lmtt10
rm-lmtt12
rm-lmtt8
rm-lmtt9
rm-lmtti10
rm-lmtto10
rm-lmu10
rm-lmvtk10
rm-lmvtko10
rm-lmvtl10
rm-lmvtlo10
rm-lmvtt10
rm-lmvtto10
t5-lmb10
t5-lmbo10
t5-lmbx10
t5-lmbx12
t5-lmbx5
t5-lmbx6
t5-lmbx7
t5-lmbx8
t5-lmbx9
t5-lmbxi10
t5-lmbxo10
t5-lmcsc10
t5-lmcsco10
t5-lmdunh10
t5-lmduno10
t5-lmr10
t5-lmr12
t5-lmr17
t5-lmr5
t5-lmr6
t5-lmr7
t5-lmr8
t5-lmr9
t5-lmri10
t5-lmri12
t5-lmri7
t5-lmri8
t5-lmri9
t5-lmro10
t5-lmro12
t5-lmro17
t5-lmro8
t5-lmro9
t5-lmss10
t5-lmss12
t5-lmss17
t5-lmss8
t5-lmss9
t5-lmssbo10
t5-lmssbx10
t5-lmssdc10
t5-lmssdo10
t5-lmsso10
t5-lmsso12
t5-lmsso17
t5-lmsso8
t5-lmsso9
t5-lmssq8
t5-lmssqbo8
t5-lmssqbx8
t5-lmssqo8
t5-lmtcsc10
t5-lmtcso10
t5-lmtk10
t5-lmtko10
t5-lmtl10
t5-lmtlc10
t5-lmtlco10
t5-lmtlo10
t5-lmtt10
t5-lmtt12
t5-lmtt8
t5-lmtt9
t5-lmtti10
t5-lmtto10
t5-lmu10
t5-lmvtk10
t5-lmvtko10
t5-lmvtl10
t5-lmvtlo10
t5-lmvtt10
t5-lmvtto10
texnansi-lmb10
texnansi-lmbo10
texnansi-lmbx10
texnansi-lmbx12
texnansi-lmbx5
texnansi-lmbx6
texnansi-lmbx7
texnansi-lmbx8
texnansi-lmbx9
texnansi-lmbxi10
texnansi-lmbxo10
texnansi-lmcsc10
texnansi-lmcsco10
texnansi-lmdunh10
texnansi-lmduno10
texnansi-lmr10
texnansi-lmr12
texnansi-lmr17
texnansi-lmr5
texnansi-lmr6
texnansi-lmr7
texnansi-lmr8
texnansi-lmr9
texnansi-lmri10
texnansi-lmri12
texnansi-lmri7
texnansi-lmri8
texnansi-lmri9
texnansi-lmro10
texnansi-lmro12
texnansi-lmro17
texnansi-lmro8
texnansi-lmro9
texnansi-lmss10
texnansi-lmss12
texnansi-lmss17
texnansi-lmss8
texnansi-lmss9
texnansi-lmssbo10
texnansi-lmssbx10
texnansi-lmssdc10
texnansi-lmssdo10
texnansi-lmsso10
texnansi-lmsso12
texnansi-lmsso17
texnansi-lmsso8
texnansi-lmsso9
texnansi-lmssq8
texnansi-lmssqbo8
texnansi-lmssqbx8
texnansi-lmssqo8
texnansi-lmtcsc10
texnansi-lmtcso10
texnansi-lmtk10
texnansi-lmtko10
texnansi-lmtl10
texnansi-lmtlc10
texnansi-lmtlco10
texnansi-lmtlo10
texnansi-lmtt10
texnansi-lmtt12
texnansi-lmtt8
texnansi-lmtt9
texnansi-lmtti10
texnansi-lmtto10
texnansi-lmu10
texnansi-lmvtk10
texnansi-lmvtko10
texnansi-lmvtl10
texnansi-lmvtlo10
texnansi-lmvtt10
texnansi-lmvtto10
ts1-lmb10
ts1-lmbo10
ts1-lmbx10
ts1-lmbx12
ts1-lmbx5
ts1-lmbx6
ts1-lmbx7
ts1-lmbx8
ts1-lmbx9
ts1-lmbxi10
ts1-lmbxo10
ts1-lmcsc10
ts1-lmcsco10
ts1-lmdunh10
ts1-lmduno10
ts1-lmr10
ts1-lmr12
ts1-lmr17
ts1-lmr5
ts1-lmr6
ts1-lmr7
ts1-lmr8
ts1-lmr9
ts1-lmri10
ts1-lmri12
ts1-lmri7
ts1-lmri8
ts1-lmri9
ts1-lmro10
ts1-lmro12
ts1-lmro17
ts1-lmro8
ts1-lmro9
ts1-lmss10
ts1-lmss12
ts1-lmss17
ts1-lmss8
ts1-lmss9
ts1-lmssbo10
ts1-lmssbx10
ts1-lmssdc10
ts1-lmssdo10
ts1-lmsso10
ts1-lmsso12
ts1-lmsso17
ts1-lmsso8
ts1-lmsso9
ts1-lmssq8
ts1-lmssqbo8
ts1-lmssqbx8
ts1-lmssqo8
ts1-lmtcsc10
ts1-lmtcso10
ts1-lmtk10
ts1-lmtko10
ts1-lmtl10
ts1-lmtlc10
ts1-lmtlco10
ts1-lmtlo10
ts1-lmtt10
ts1-lmtt12
ts1-lmtt8
ts1-lmtt9
ts1-lmtti10
ts1-lmtto10
ts1-lmu10
ts1-lmvtk10
ts1-lmvtko10
ts1-lmvtl10
ts1-lmvtlo10
ts1-lmvtt10
ts1-lmvtto10

/Users/bytedance/Library/TinyTeX/texmf-dist/fonts/map/dvips/tetex/mathpple.map:
eurbo10
eurmo10

/Users/bytedance/paper/texmf/fonts/map/dvips/newtx/newtx.map:
Libertine-nu
LibertineI-5nu
LibertineI-7nu
LibertineI-nu
LibertineMathBMI
LibertineMathBMI5
LibertineMathBMI7
LibertineMathBRM
LibertineMathMI
LibertineMathMI5
LibertineMathMI7
LibertineMathRM
LibertineTheta-Regular
LibertineZ-nu
LibertineZI-5nu
LibertineZI-7nu
LibertineZI-nu
LibertinusSerif-Bold-inf-ly1
LibertinusSerif-Bold-inf-ot1
LibertinusSerif-Bold-inf-t1
LibertinusSerif-Bold-inf-t2a
LibertinusSerif-BoldItalic-inf-ly1
LibertinusSerif-BoldItalic-inf-ot1
LibertinusSerif-BoldItalic-inf-t1
LibertinusSerif-BoldItalic-inf-t2a
LibertinusSerif-Italic-inf-ly1
LibertinusSerif-Italic-inf-ot1
LibertinusSerif-Italic-inf-t1
LibertinusSerif-Italic-inf-t2a
LibertinusSerif-Regular-inf-ly1
LibertinusSerif-Regular-inf-ot1
LibertinusSerif-Regular-inf-t1
LibertinusSerif-Regular-inf-t2a
LibertinusSerif-Semibold-inf-ly1
LibertinusSerif-Semibold-inf-ot1
LibertinusSerif-Semibold-inf-t1
LibertinusSerif-Semibold-inf-t2a
LibertinusSerif-SemiboldItalic-inf-ly1
LibertinusSerif-SemiboldItalic-inf-ot1
LibertinusSerif-SemiboldItalic-inf-t1
LibertinusSerif-SemiboldItalic-inf-t2a
MinLibBol-ly1
MinLibBol-ot1
MinLibBol-t1
MinLibBolIta-ly1
MinLibBolIta-ot1
MinLibBolIta-t1
MinLibIta-ly1
MinLibIta-ot1
MinLibIta-t1
MinLibReg-ly1
MinLibReg-ot1
MinLibReg-t1
NewTXBMI
NewTXBMI5
NewTXBMI7
NewTXMI
NewTXMI5
NewTXMI7
ebgBMI
ebgBRM
ebgMI
ebgMRM
fxlri-5alt
fxlri-5letters
fxlri-7alt
fxlri-7letters
fxlzi-5alt
fxlzi-5letters
fxlzi-7alt
fxlzi-7letters
fxlzi-jv
fxlzi-jv5
fxlzi-jv7
ntx-Bold-lf-ly1
ntx-Bold-lf-ot1r
ntx-Bold-lf-sc-ly1
ntx-Bold-lf-sc-ot1
ntx-Bold-lf-sc-t1
ntx-Bold-lf-scl-ly1
ntx-Bold-lf-scl-ot1
ntx-Bold-lf-scl-t1
ntx-Bold-lf-t1
ntx-Bold-osf-ly1
ntx-Bold-osf-ot1r
ntx-Bold-osf-sc-ly1
ntx-Bold-osf-sc-ot1
ntx-Bold-osf-sc-t1
ntx-Bold-osf-scl-ly1
ntx-Bold-osf-scl-ot1
ntx-Bold-osf-scl-t1
ntx-Bold-osf-t1
ntx-Bold-tlf-ly1
ntx-Bold-tlf-ot1r
ntx-Bold-tlf-sc-ly1
ntx-Bold-tlf-sc-ot1
ntx-Bold-tlf-sc-t1
ntx-Bold-tlf-scl-ly1
ntx-Bold-tlf-scl-ot1
ntx-Bold-tlf-scl-t1
ntx-Bold-tlf-t1
ntx-Bold-tosf-ly1
ntx-Bold-tosf-ot1r
ntx-Bold-tosf-sc-ly1
ntx-Bold-tosf-sc-ot1
ntx-Bold-tosf-sc-t1
ntx-Bold-tosf-scl-ly1
ntx-Bold-tosf-scl-ot1
ntx-Bold-tosf-scl-t1
ntx-Bold-tosf-t1
ntx-BoldItalic-lf-ly1
ntx-BoldItalic-lf-ot1r
ntx-BoldItalic-lf-sc-ly1
ntx-BoldItalic-lf-sc-ot1
ntx-BoldItalic-lf-sc-t1
ntx-BoldItalic-lf-scl-ly1
ntx-BoldItalic-lf-scl-ot1
ntx-BoldItalic-lf-scl-t1
ntx-BoldItalic-lf-t1
ntx-BoldItalic-osf-ly1
ntx-BoldItalic-osf-ot1r
ntx-BoldItalic-osf-sc-ly1
ntx-BoldItalic-osf-sc-ot1
ntx-BoldItalic-osf-sc-t1
ntx-BoldItalic-osf-scl-ly1
ntx-BoldItalic-osf-scl-ot1
ntx-BoldItalic-osf-scl-t1
ntx-BoldItalic-osf-t1
ntx-BoldItalic-tlf-ly1
ntx-BoldItalic-tlf-ot1r
ntx-BoldItalic-tlf-sc-ly1
ntx-BoldItalic-tlf-sc-ot1
ntx-BoldItalic-tlf-sc-t1
ntx-BoldItalic-tlf-scl-ly1
ntx-BoldItalic-tlf-scl-ot1
ntx-BoldItalic-tlf-scl-t1
ntx-BoldItalic-tlf-t1
ntx-BoldItalic-tosf-ly1
ntx-BoldItalic-tosf-ot1r
ntx-BoldItalic-tosf-sc-ly1
ntx-BoldItalic-tosf-sc-ot1
ntx-BoldItalic-tosf-sc-t1
ntx-BoldItalic-tosf-scl-ly1
ntx-BoldItalic-tosf-scl-ot1
ntx-BoldItalic-tosf-scl-t1
ntx-BoldItalic-tosf-t1
ntx-BoldSlanted-lf-scl-ly1
ntx-BoldSlanted-lf-scl-ot1
ntx-BoldSlanted-lf-scl-t1
ntx-BoldSlanted-osf-scl-ly1
ntx-BoldSlanted-osf-scl-ot1
ntx-BoldSlanted-osf-scl-t1
ntx-BoldSlanted-tlf-scl-ly1
ntx-BoldSlanted-tlf-scl-ot1
ntx-BoldSlanted-tlf-scl-t1
ntx-BoldSlanted-tosf-scl-ly1
ntx-BoldSlanted-tosf-scl-ot1
ntx-BoldSlanted-tosf-scl-t1
ntx-Italic-lf-ly1
ntx-Italic-lf-ot1r
ntx-Italic-lf-sc-ly1
ntx-Italic-lf-sc-ot1
ntx-Italic-lf-sc-t1
ntx-Italic-lf-scl-ly1
ntx-Italic-lf-scl-ot1
ntx-Italic-lf-scl-t1
ntx-Italic-lf-t1
ntx-Italic-osf-ly1
ntx-Italic-osf-ot1r
ntx-Italic-osf-sc-ly1
ntx-Italic-osf-sc-ot1
ntx-Italic-osf-sc-t1
ntx-Italic-osf-scl-ly1
ntx-Italic-osf-scl-ot1
ntx-Italic-osf-scl-t1
ntx-Italic-osf-t1
ntx-Italic-tlf-ly1
ntx-Italic-tlf-ot1r
ntx-Italic-tlf-sc-ly1
ntx-Italic-tlf-sc-ot1
ntx-Italic-tlf-sc-t1
ntx-Italic-tlf-scl-ly1
ntx-Italic-tlf-scl-ot1
ntx-Italic-tlf-scl-t1
ntx-Italic-tlf-t1
ntx-Italic-tosf-ly1
ntx-Italic-tosf-ot1r
ntx-Italic-tosf-sc-ly1
ntx-Italic-tosf-sc-ot1
ntx-Italic-tosf-sc-t1
ntx-Italic-tosf-scl-ly1
ntx-Italic-tosf-scl-ot1
ntx-Italic-tosf-scl-t1
ntx-Italic-tosf-t1
ntx-Regular-lf-ly1
ntx-Regular-lf-ot1r
ntx-Regular-lf-sc-ly1
ntx-Regular-lf-sc-ot1
ntx-Regular-lf-sc-t1
ntx-Regular-lf-scl-ly1
ntx-Regular-lf-scl-ot1
ntx-Regular-lf-scl-t1
ntx-Regular-lf-t1
ntx-Regular-osf-ly1
ntx-Regular-osf-ot1r
ntx-Regular-osf-sc-ly1
ntx-Regular-osf-sc-ot1
ntx-Regular-osf-sc-t1
ntx-Regular-osf-scl-ly1
ntx-Regular-osf-scl-ot1
ntx-Regular-osf-scl-t1
ntx-Regular-osf-t1
ntx-Regular-tlf-ly1
ntx-Regular-tlf-ot1r
ntx-Regular-tlf-sc-ly1
ntx-Regular-tlf-sc-ot1
ntx-Regular-tlf-sc-t1
ntx-Regular-tlf-scl-ly1
ntx-Regular-tlf-scl-ot1
ntx-Regular-tlf-scl-t1
ntx-Regular-tlf-t1
ntx-Regular-tosf-ly1
ntx-Regular-tosf-ot1r
ntx-Regular-tosf-sc-ly1
ntx-Regular-tosf-sc-ot1
ntx-Regular-tosf-sc-t1
ntx-Regular-tosf-scl-ly1
ntx-Regular-tosf-scl-ot1
ntx-Regular-tosf-scl-t1
ntx-Regular-tosf-t1
ntx-Slanted-lf-scl-ly1
ntx-Slanted-lf-scl-ot1
ntx-Slanted-lf-scl-t1
ntx-Slanted-osf-scl-ly1
ntx-Slanted-osf-scl-ot1
ntx-Slanted-osf-scl-t1
ntx-Slanted-tlf-scl-ly1
ntx-Slanted-tlf-scl-ot1
ntx-Slanted-tlf-scl-t1
ntx-Slanted-tosf-scl-ly1
ntx-Slanted-tosf-scl-ot1
ntx-Slanted-tosf-scl-t1
ntxbexb
ntxbexmods
ntxbsym
ntxdnom-Bold-ly1
ntxdnom-Bold-ot1
ntxdnom-Bold-t1
ntxdnom-BoldItalic-ly1
ntxdnom-BoldItalic-ot1
ntxdnom-BoldItalic-t1
ntxdnom-Italic-ly1
ntxdnom-Italic-ot1
ntxdnom-Italic-t1
ntxdnom-Regular-ly1
ntxdnom-Regular-ot1
ntxdnom-Regular-t1
ntxexb
ntxexmods
ntxinf-Bold-ly1
ntxinf-Bold-ot1
ntxinf-Bold-t1
ntxinf-BoldItalic-ly1
ntxinf-BoldItalic-ot1
ntxinf-BoldItalic-t1
ntxinf-Italic-ly1
ntxinf-Italic-ot1
ntxinf-Italic-t1
ntxinf-Regular-ly1
ntxinf-Regular-ot1
ntxinf-Regular-t1
ntxinfalt-Bold-ly1
ntxinfalt-Bold-ot1
ntxinfalt-Bold-t1
ntxinfalt-BoldItalic-ly1
ntxinfalt-BoldItalic-ot1
ntxinfalt-BoldItalic-t1
ntxinfalt-Italic-ly1
ntxinfalt-Italic-ot1
ntxinfalt-Italic-t1
ntxinfalt-Regular-ly1
ntxinfalt-Regular-ot1
ntxinfalt-Regular-t1
ntxnumr-Bold-ly1
ntxnumr-Bold-ot1
ntxnumr-Bold-t1
ntxnumr-BoldItalic-ly1
ntxnumr-BoldItalic-ot1
ntxnumr-BoldItalic-t1
ntxnumr-Italic-ly1
ntxnumr-Italic-ot1
ntxnumr-Italic-t1
ntxnumr-Regular-ly1
ntxnumr-Regular-ot1
ntxnumr-Regular-t1
ntxsups-Bold-ly1
ntxsups-Bold-ot1
ntxsups-Bold-t1
ntxsups-Bold-ts1
ntxsups-BoldItalic-ly1
ntxsups-BoldItalic-ot1
ntxsups-BoldItalic-t1
ntxsups-BoldItalic-ts1
ntxsups-Italic-ly1
ntxsups-Italic-ot1
ntxsups-Italic-t1
ntxsups-Italic-ts1
ntxsups-Regular-ly1
ntxsups-Regular-ot1
ntxsups-Regular-t1
ntxsups-Regular-ts1
ntxsupsalt-Bold-ly1
ntxsupsalt-Bold-ot1
ntxsupsalt-Bold-t1
ntxsupsalt-Bold-ts1
ntxsupsalt-BoldItalic-ly1
ntxsupsalt-BoldItalic-ot1
ntxsupsalt-BoldItalic-t1
ntxsupsalt-BoldItalic-ts1
ntxsupsalt-Italic-ly1
ntxsupsalt-Italic-ot1
ntxsupsalt-Italic-t1
ntxsupsalt-Italic-ts1
ntxsupsalt-Regular-ly1
ntxsupsalt-Regular-ot1
ntxsupsalt-Regular-t1
ntxsupsalt-Regular-ts1
ntxsybalt
ntxsym
ntxsyralt
ntxth-Italic-osf-ly1
ntxth-Italic-osf-ot1
ntxth-Italic-osf-t1
ntxth-Italic-tlf-ly1
ntxth-Italic-tlf-ot1
ntxth-Italic-tlf-t1
ntxth-Slanted-osf-ly1
ntxth-Slanted-osf-ot1
ntxth-Slanted-osf-t1
ntxth-Slanted-tlf-ly1
ntxth-Slanted-tlf-ot1
ntxth-Slanted-tlf-t1
ptmbc8r
ptmrc8r
rfxlr-alt
rfxlri-alt
rfxlri-vw
rfxlri-vw5
rfxlri-vw7
rfxlz-alt
rfxlzi-alt
rfxlzi-vw
rfxlzi-vw5
rfxlzi-vw7
rntxbmi
rntxbmi5
rntxbmi7
rntxmi
rntxmi5
rntxmi7
rtxbmi-rev
rtxbmi-ut
rtxbmi5
rtxbmi5-rev
rtxbmi7
rtxbmi7-rev
rtxbmio
rtxmi-ut
rtxmi5
rtxmi7
rtxmio
stxscr
txbex-bar
txbexas
txbexs
txbmia5
txbmia7
txbmiaSTbb
txbmiaX
txbsy5
txbsy7
txbsya7
txbsyb5
txbsys
txex-bar
txexas
txexs
txmia5
txmia7
txmiaSTbb
txmiaX
txsy5
txsy7
txsya7
txsyb5
txsys
ztmbsl-lf-ot1
ztmbsl-lf-t1
ztmbsl-lf-texnansi
ztmbsl-osf-ot1
ztmbsl-osf-t1
ztmbsl-osf-texnansi
ztmbsl-tlf-ot1
ztmbsl-tlf-t1
ztmbsl-tlf-texnansi
ztmbsl-tosf-ot1
ztmbsl-tosf-t1
ztmbsl-tosf-texnansi
ztmfigs-bsl
ztmfigs-sl
zxlr-5nums
zxlr-7nums
zxlr-8r
zxlr-caps
zxlri-8r
zxlz-8r
zxlz-caps
zxlzi-8r

/Users/bytedance/Library/TinyTeX/texmf-dist/fonts/map/dvips/psnfss/pazo.map:
fplmb
fplmbb
fplmbi
fplmr
fplmri

/Users/bytedance/paper/texmf/fonts/map/dvips/txfonts/txfonts.map:
rtcxb
rtcxbi
rtcxbsl
rtcxbss
rtcxbsso
rtcxi
rtcxr
rtcxsl
rtcxss
rtcxsssl
rtxb
rtxbi
rtxbmi
rtxbsc
rtxbsl
rtxbss
rtxbsssc
rtxbsssl
rtxi
rtxmi
rtxr
rtxsc
rtxsl
rtxss
rtxsssc
rtxsssl
t1xbtt
t1xbttsc
t1xbttsl
t1xtt
t1xttsc
t1xttsl
tcxbtt
tcxbttsl
tcxtt
tcxttsl
txbex
txbexa
txbmia
txbsy
txbsya
txbsyb
txbsyc
txbtt
txbttsc
txbttsl
txex
txexa
txmia
txsy
txsya
txsyb
txsyc
txtt
txttsc
txttsl

/Users/bytedance/Library/TinyTeX/texmf-dist/fonts/map/dvips/helvetic/uhv.map:
uhvb8r
uhvbo8r
uhvr8r
uhvro8r

/Users/bytedance/Library/TinyTeX/texmf-dist/fonts/map/dvips/symbol/usy.map:
usyr

/Users/bytedance/Library/TinyTeX/texmf-dist/fonts/map/dvips/times/utm.map:
utmb8r
utmbi8r
utmbo8r
utmr8r
utmri8r
utmro8r

/Users/bytedance/Library/TinyTeX/texmf-dist/fonts/map/dvips/psnfss/utopia.map:
putb8r
putbi8r
putbo8r
putr8r
putri8r
putro8r

/Users/bytedance/Library/TinyTeX/texmf-dist/fonts/map/dvips/zapfding/uzd.map:
uzdr

/Users/bytedance/Library/TinyTeX/texmf-dist/fonts/map/dvips/inconsolata/zi4.map:
ly1-zi4b-0
ly1-zi4b-1
ly1-zi4b-2
ly1-zi4b-3
ly1-zi4b-4
ly1-zi4b-5
ly1-zi4b-6
ly1-zi4b-7
ly1-zi4nb-0
ly1-zi4nb-1
ly1-zi4nb-2
ly1-zi4nb-3
ly1-zi4nb-4
ly1-zi4nb-5
ly1-zi4nb-6
ly1-zi4nb-7
ly1-zi4nr-0
ly1-zi4nr-1
ly1-zi4nr-2
ly1-zi4nr-3
ly1-zi4nr-4
ly1-zi4nr-5
ly1-zi4nr-6
ly1-zi4nr-7
ly1-zi4r-0
ly1-zi4r-1
ly1-zi4r-2
ly1-zi4r-3
ly1-zi4r-4
ly1-zi4r-5
ly1-zi4r-6
ly1-zi4r-7
ot1-zi4b-0
ot1-zi4b-1
ot1-zi4b-2
ot1-zi4b-3
ot1-zi4b-4
ot1-zi4b-5
ot1-zi4b-6
ot1-zi4b-7
ot1-zi4nb-0
ot1-zi4nb-1
ot1-zi4nb-2
ot1-zi4nb-3
ot1-zi4nb-4
ot1-zi4nb-5
ot1-zi4nb-6
ot1-zi4nb-7
ot1-zi4nr-0
ot1-zi4nr-1
ot1-zi4nr-2
ot1-zi4nr-3
ot1-zi4nr-4
ot1-zi4nr-5
ot1-zi4nr-6
ot1-zi4nr-7
ot1-zi4r-0
ot1-zi4r-1
ot1-zi4r-2
ot1-zi4r-3
ot1-zi4r-4
ot1-zi4r-5
ot1-zi4r-6
ot1-zi4r-7
qx-zi4b-0
qx-zi4b-1
qx-zi4b-2
qx-zi4b-3
qx-zi4b-4
qx-zi4b-5
qx-zi4b-6
qx-zi4b-7
qx-zi4nb-0
qx-zi4nb-1
qx-zi4nb-2
qx-zi4nb-3
qx-zi4nb-4
qx-zi4nb-5
qx-zi4nb-6
qx-zi4nb-7
qx-zi4nr-0
qx-zi4nr-1
qx-zi4nr-2
qx-zi4nr-3
qx-zi4nr-4
qx-zi4nr-5
qx-zi4nr-6
qx-zi4nr-7
qx-zi4r-0
qx-zi4r-1
qx-zi4r-2
qx-zi4r-3
qx-zi4r-4
qx-zi4r-5
qx-zi4r-6
qx-zi4r-7
t1-zi4b-0
t1-zi4b-1
t1-zi4b-2
t1-zi4b-3
t1-zi4b-4
t1-zi4b-5
t1-zi4b-6
t1-zi4b-7
t1-zi4nb-0
t1-zi4nb-1
t1-zi4nb-2
t1-zi4nb-3
t1-zi4nb-4
t1-zi4nb-5
t1-zi4nb-6
t1-zi4nb-7
t1-zi4nr-0
t1-zi4nr-1
t1-zi4nr-2
t1-zi4nr-3
t1-zi4nr-4
t1-zi4nr-5
t1-zi4nr-6
t1-zi4nr-7
t1-zi4r-0
t1-zi4r-1
t1-zi4r-2
t1-zi4r-3
t1-zi4r-4
t1-zi4r-5
t1-zi4r-6
t1-zi4r-7
ts1-zi4b
ts1-zi4nb
ts1-zi4nr
ts1-zi4r

Files generated:
  /Users/bytedance/paper/texmf-var/fonts/map/dvips/updmap:
       15794 2026-07-03 16:38:08 builtin35.map
       21267 2026-07-03 16:38:08 download35.map
      281988 2026-07-03 16:38:08 psfonts_pk.map
      288154 2026-07-03 16:38:08 psfonts_t1.map
      288149 2026-07-03 16:38:08 ps2pk.map
      288154 2026-07-03 16:38:08 psfonts.map = psfonts_t1.map
  /Users/bytedance/paper/texmf-var/fonts/map/pdftex/updmap:
      288156 2026-07-03 16:38:08 pdftex_dl14.map
      286491 2026-07-03 16:38:08 pdftex_ndl14.map
      288156 2026-07-03 16:38:08 pdftex.map = pdftex_dl14.map
  /Users/bytedance/paper/texmf-var/fonts/map/dvipdfmx/updmap:
         317 2026-07-03 16:38:08 kanjix.map
